Component: ARM Compiler 5.06 update 7 (build 960) Tool: armlink [4d3601]

==============================================================================

Section Cross References

    main_stepper.o(i.GLCD_for_fullstepper) refers to glcd_spi_lpc1700.o(i.GLCD_SetBackColor) for GLCD_SetBackColor
    main_stepper.o(i.GLCD_for_fullstepper) refers to glcd_spi_lpc1700.o(i.GLCD_SetTextColor) for GLCD_SetTextColor
    main_stepper.o(i.GLCD_for_fullstepper) refers to glcd_spi_lpc1700.o(i.GLCD_DisplayChar) for GLCD_DisplayChar
    main_stepper.o(i.delay_dirty) refers to main_stepper.o(.data) for temp
    main_stepper.o(i.main) refers to glcd_spi_lpc1700.o(i.GLCD_Init) for GLCD_Init
    main_stepper.o(i.main) refers to glcd_spi_lpc1700.o(i.GLCD_Clear) for GLCD_Clear
    main_stepper.o(i.main) refers to glcd_spi_lpc1700.o(i.GLCD_SetBackColor) for GLCD_SetBackColor
    main_stepper.o(i.main) refers to glcd_spi_lpc1700.o(i.GLCD_SetTextColor) for GLCD_SetTextColor
    main_stepper.o(i.main) refers to glcd_spi_lpc1700.o(i.GLCD_DisplayString) for GLCD_DisplayString
    main_stepper.o(i.main) refers to joystick.o(i.JOYSTICK_GetKeys) for JOYSTICK_GetKeys
    main_stepper.o(i.main) refers to main_stepper.o(i.set_outputs) for set_outputs
    main_stepper.o(i.main) refers to main_stepper.o(i.GLCD_for_fullstepper) for GLCD_for_fullstepper
    main_stepper.o(i.main) refers to main_stepper.o(i.delay_dirty) for delay_dirty
    main_stepper.o(i.set_outputs) refers to main_stepper.o(.data) for lookup_table
    glcd_spi_lpc1700.o(i.GLCD_Bargraph) refers to glcd_spi_lpc1700.o(i.GLCD_SetWindow) for GLCD_SetWindow
    glcd_spi_lpc1700.o(i.GLCD_Bargraph) refers to glcd_spi_lpc1700.o(i.wr_cmd) for wr_cmd
    glcd_spi_lpc1700.o(i.GLCD_Bargraph) refers to glcd_spi_lpc1700.o(i.wr_dat_start) for wr_dat_start
    glcd_spi_lpc1700.o(i.GLCD_Bargraph) refers to glcd_spi_lpc1700.o(i.wr_dat_only) for wr_dat_only
    glcd_spi_lpc1700.o(i.GLCD_Bargraph) refers to glcd_spi_lpc1700.o(i.wr_dat_stop) for wr_dat_stop
    glcd_spi_lpc1700.o(i.GLCD_Bargraph) refers to glcd_spi_lpc1700.o(.data) for Color
    glcd_spi_lpc1700.o(i.GLCD_Bitmap) refers to glcd_spi_lpc1700.o(i.GLCD_SetWindow) for GLCD_SetWindow
    glcd_spi_lpc1700.o(i.GLCD_Bitmap) refers to glcd_spi_lpc1700.o(i.wr_cmd) for wr_cmd
    glcd_spi_lpc1700.o(i.GLCD_Bitmap) refers to glcd_spi_lpc1700.o(i.wr_dat_start) for wr_dat_start
    glcd_spi_lpc1700.o(i.GLCD_Bitmap) refers to glcd_spi_lpc1700.o(i.wr_dat_only) for wr_dat_only
    glcd_spi_lpc1700.o(i.GLCD_Bitmap) refers to glcd_spi_lpc1700.o(i.wr_dat_stop) for wr_dat_stop
    glcd_spi_lpc1700.o(i.GLCD_Clear) refers to glcd_spi_lpc1700.o(i.GLCD_WindowMax) for GLCD_WindowMax
    glcd_spi_lpc1700.o(i.GLCD_Clear) refers to glcd_spi_lpc1700.o(i.wr_cmd) for wr_cmd
    glcd_spi_lpc1700.o(i.GLCD_Clear) refers to glcd_spi_lpc1700.o(i.wr_dat_start) for wr_dat_start
    glcd_spi_lpc1700.o(i.GLCD_Clear) refers to glcd_spi_lpc1700.o(i.wr_dat_only) for wr_dat_only
    glcd_spi_lpc1700.o(i.GLCD_Clear) refers to glcd_spi_lpc1700.o(i.wr_dat_stop) for wr_dat_stop
    glcd_spi_lpc1700.o(i.GLCD_ClearLn) refers to glcd_spi_lpc1700.o(i.GLCD_WindowMax) for GLCD_WindowMax
    glcd_spi_lpc1700.o(i.GLCD_ClearLn) refers to glcd_spi_lpc1700.o(i.GLCD_DisplayString) for GLCD_DisplayString
    glcd_spi_lpc1700.o(i.GLCD_DisplayChar) refers to glcd_spi_lpc1700.o(i.GLCD_DrawChar) for GLCD_DrawChar
    glcd_spi_lpc1700.o(i.GLCD_DisplayChar) refers to glcd_spi_lpc1700.o(.constdata) for Font_6x8_h
    glcd_spi_lpc1700.o(i.GLCD_DisplayString) refers to glcd_spi_lpc1700.o(i.GLCD_DisplayChar) for GLCD_DisplayChar
    glcd_spi_lpc1700.o(i.GLCD_DrawChar) refers to glcd_spi_lpc1700.o(i.GLCD_SetWindow) for GLCD_SetWindow
    glcd_spi_lpc1700.o(i.GLCD_DrawChar) refers to glcd_spi_lpc1700.o(i.wr_cmd) for wr_cmd
    glcd_spi_lpc1700.o(i.GLCD_DrawChar) refers to glcd_spi_lpc1700.o(i.wr_dat_start) for wr_dat_start
    glcd_spi_lpc1700.o(i.GLCD_DrawChar) refers to glcd_spi_lpc1700.o(i.wr_dat_only) for wr_dat_only
    glcd_spi_lpc1700.o(i.GLCD_DrawChar) refers to glcd_spi_lpc1700.o(i.wr_dat_stop) for wr_dat_stop
    glcd_spi_lpc1700.o(i.GLCD_DrawChar) refers to glcd_spi_lpc1700.o(.data) for Color
    glcd_spi_lpc1700.o(i.GLCD_Init) refers to glcd_spi_lpc1700.o(i.rd_id_man) for rd_id_man
    glcd_spi_lpc1700.o(i.GLCD_Init) refers to glcd_spi_lpc1700.o(i.rd_reg) for rd_reg
    glcd_spi_lpc1700.o(i.GLCD_Init) refers to glcd_spi_lpc1700.o(i.wr_reg) for wr_reg
    glcd_spi_lpc1700.o(i.GLCD_Init) refers to glcd_spi_lpc1700.o(i.delay) for delay
    glcd_spi_lpc1700.o(i.GLCD_Init) refers to glcd_spi_lpc1700.o(.data) for Himax
    glcd_spi_lpc1700.o(i.GLCD_PutPixel) refers to glcd_spi_lpc1700.o(i.wr_reg) for wr_reg
    glcd_spi_lpc1700.o(i.GLCD_PutPixel) refers to glcd_spi_lpc1700.o(i.wr_cmd) for wr_cmd
    glcd_spi_lpc1700.o(i.GLCD_PutPixel) refers to glcd_spi_lpc1700.o(i.wr_dat) for wr_dat
    glcd_spi_lpc1700.o(i.GLCD_PutPixel) refers to glcd_spi_lpc1700.o(.data) for Himax
[...]
    defsig_rtmem_inner.o(.text) refers to defsig_general.o(.text) for __default_signal_display
    defsig_rtmem_outer.o(.text) refers to defsig_rtmem_inner.o(.text) for __rt_SIGRTMEM_inner
    defsig_rtmem_outer.o(.text) refers to defsig_exit.o(.text) for __sig_exit
    defsig_rtmem_formal.o(.text) refers to rt_raise.o(.text) for __rt_raise
    defsig_stak_inner.o(.text) refers to defsig_general.o(.text) for __default_signal_display
    defsig_pvfn_inner.o(.text) refers to defsig_general.o(.text) for __default_signal_display
    defsig_cppl_inner.o(.text) refers to defsig_general.o(.text) for __default_signal_display
    defsig_segv_inner.o(.text) refers to defsig_general.o(.text) for __default_signal_display
    defsig_other.o(.text) refers to defsig_general.o(.text) for __default_signal_display


==============================================================================

Removing Unused input sections from the image.

    Removing joystick.o(.rev16_text), (4 bytes).
    Removing joystick.o(.revsh_text), (4 bytes).
    Removing joystick.o(.rrx_text), (6 bytes).
    Removing joystick.o(i.JOYSTICK_Init), (40 bytes).
    Removing main_stepper.o(.rev16_text), (4 bytes).
    Removing main_stepper.o(.revsh_text), (4 bytes).
    Removing main_stepper.o(.rrx_text), (6 bytes).
    Removing glcd_spi_lpc1700.o(.rev16_text), (4 bytes).
    Removing glcd_spi_lpc1700.o(.revsh_text), (4 bytes).
    Removing glcd_spi_lpc1700.o(.rrx_text), (6 bytes).
    Removing glcd_spi_lpc1700.o(i.GLCD_Bargraph), (104 bytes).
    Removing glcd_spi_lpc1700.o(i.GLCD_Bitmap), (82 bytes).
    Removing glcd_spi_lpc1700.o(i.GLCD_ClearLn), (94 bytes).
    Removing glcd_spi_lpc1700.o(i.GLCD_PutPixel), (128 bytes).
    Removing glcd_spi_lpc1700.o(i.GLCD_ScrollVertical), (2 bytes).
    Removing glcd_spi_lpc1700.o(i.GLCD_WrCmd), (12 bytes).
    Removing glcd_spi_lpc1700.o(i.GLCD_WrReg), (16 bytes).
    Removing rtx_conf_cm.o(i.__user_perthread_libspace), (44 bytes).
    Removing rtx_conf_cm.o(i._mutex_initialize), (44 bytes).
    Removing system_lpc17xx.o(.rev16_text), (4 bytes).
    Removing system_lpc17xx.o(.revsh_text), (4 bytes).
    Removing system_lpc17xx.o(.rrx_text), (6 bytes).
    Removing system_lpc17xx.o(i.SystemCoreClockUpdate), (424 bytes).
    Removing system_lpc17xx.o(.data), (4 bytes).
    Removing rt_cmsis.o(.rev16_text), (4 bytes).
    Removing rt_cmsis.o(.revsh_text), (4 bytes).
    Removing rt_cmsis.o(.rrx_text), (6 bytes).
    Removing rt_cmsis.o(i.isrSemaphoreRelease), (40 bytes).
    Removing rt_cmsis.o(i.isrSignalSet), (36 bytes).
    Removing rt_cmsis.o(i.osDelay), (24 bytes).
    Removing rt_cmsis.o(i.osKernelRunning), (36 bytes).
    Removing rt_cmsis.o(i.osKernelSysTick), (24 bytes).
    Removing rt_cmsis.o(i.osMailAlloc), (28 bytes).
    Removing rt_cmsis.o(i.osMailCAlloc), (48 bytes).
    Removing rt_cmsis.o(i.osMailCreate), (44 bytes).
    Removing rt_cmsis.o(i.osMailFree), (28 bytes).
    Removing rt_cmsis.o(i.osMailGet), (22 bytes).
    Removing rt_cmsis.o(i.osMailPut), (20 bytes).
    Removing rt_cmsis.o(i.osMessageCreate), (44 bytes).
    Removing rt_cmsis.o(i.osMessagePut), (24 bytes).
    Removing rt_cmsis.o(i.osMutexCreate), (44 bytes).
    Removing rt_cmsis.o(i.osMutexDelete), (24 bytes).
    Removing rt_cmsis.o(i.osMutexRelease), (24 bytes).
    Removing rt_cmsis.o(i.osMutexWait), (24 bytes).
    Removing rt_cmsis.o(i.osPoolAlloc), (32 bytes).
    Removing rt_cmsis.o(i.osPoolCAlloc), (52 bytes).
    Removing rt_cmsis.o(i.osPoolCreate), (44 bytes).
    Removing rt_cmsis.o(i.osPoolFree), (32 bytes).
    Removing rt_cmsis.o(i.osSemaphoreCreate), (44 bytes).
    Removing rt_cmsis.o(i.osSemaphoreDelete), (24 bytes).
    Removing rt_cmsis.o(i.osSemaphoreRelease), (24 bytes).
    Removing rt_cmsis.o(i.osSemaphoreWait), (24 bytes).
    Removing rt_cmsis.o(i.osSignalClear), (24 bytes).
    Removing rt_cmsis.o(i.osSignalSet), (24 bytes).
    Removing rt_cmsis.o(i.osSignalWait), (24 bytes).
    Removing rt_cmsis.o(i.osThreadGetId), (24 bytes).
    Removing rt_cmsis.o(i.osThreadGetPriority), (24 bytes).
    Removing rt_cmsis.o(i.osThreadSetPriority), (24 bytes).
    Removing rt_cmsis.o(i.osThreadTerminate), (24 bytes).
    Removing rt_cmsis.o(i.osThreadYield), (24 bytes).
    Removing rt_cmsis.o(i.osTimerCreate), (44 bytes).
    Removing rt_cmsis.o(i.osTimerDelete), (24 bytes).
    Removing rt_cmsis.o(i.osTimerStart), (24 bytes).
    Removing rt_cmsis.o(i.osTimerStop), (24 bytes).
    Removing rt_cmsis.o(i.osWait), (4 bytes).
    Removing rt_cmsis.o(i.os_resume), (12 bytes).
    Removing rt_cmsis.o(i.os_suspend), (12 bytes).
    Removing rt_cmsis.o(i.rt_clr_box), (24 bytes).
    Removing rt_cmsis.o(i.rt_timer_remove), (60 bytes).
    Removing rt_cmsis.o(i.svcDelay), (18 bytes).
    Removing rt_cmsis.o(i.svcKernelRunning), (12 bytes).
    Removing rt_cmsis.o(i.svcKernelSysTick), (56 bytes).
    Removing rt_cmsis.o(i.svcMailCreate), (66 bytes).
    Removing rt_cmsis.o(i.svcMessagePut), (54 bytes).
    Removing rt_cmsis.o(i.svcMutexCreate), (28 bytes).
    Removing rt_cmsis.o(i.svcMutexDelete), (26 bytes).
    Removing rt_cmsis.o(i.svcMutexRelease), (34 bytes).
    Removing rt_cmsis.o(i.svcMutexWait), (58 bytes).
    Removing rt_cmsis.o(i.svcPoolCreate), (40 bytes).
    Removing rt_cmsis.o(i.svcSemaphoreCreate), (36 bytes).
    Removing rt_cmsis.o(i.svcSemaphoreDelete), (26 bytes).
    Removing rt_cmsis.o(i.svcSemaphoreRelease), (40 bytes).
    Removing rt_cmsis.o(i.svcSemaphoreWait), (50 bytes).
    Removing rt_cmsis.o(i.svcSignalClear), (36 bytes).
    Removing rt_cmsis.o(i.svcSignalSet), (36 bytes).
    Removing rt_cmsis.o(i.svcSignalWait), (84 bytes).
    Removing rt_cmsis.o(i.svcThreadGetPriority), (18 bytes).
    Removing rt_cmsis.o(i.svcThreadSetPriority), (46 bytes).
    Removing rt_cmsis.o(i.svcThreadYield), (10 bytes).
    Removing rt_cmsis.o(i.svcTimerCreate), (56 bytes).
    Removing rt_cmsis.o(i.svcTimerDelete), (40 bytes).
    Removing rt_cmsis.o(i.svcTimerStart), (100 bytes).
    Removing rt_cmsis.o(i.svcTimerStop), (36 bytes).
    Removing rt_cmsis.o(i.sysMailAlloc), (88 bytes).
    Removing rt_cmsis.o(i.sysMailFree), (96 bytes).
    Removing rt_cmsis.o(i.sysPoolAlloc), (10 bytes).
    Removing rt_cmsis.o(i.sysPoolFree), (20 bytes).
    Removing rt_cmsis.o(i.sysUserTimerUpdate), (48 bytes).
    Removing rt_cmsis.o(i.sysUserTimerWakeupTime), (20 bytes).
    Removing rt_task.o(i.rt_tsk_pass), (48 bytes).
    Removing rt_mutex.o(i.rt_mut_delete), (176 bytes).
    Removing rt_mutex.o(i.rt_mut_init), (16 bytes).
    Removing rt_system.o(.emb_text), (0 bytes).
    Removing rt_system.o(i.os_tick_ovf), (16 bytes).
    Removing rt_system.o(i.os_tick_val), (20 bytes).
    Removing rt_system.o(i.rt_resume), (136 bytes).
    Removing rt_system.o(i.rt_suspend), (36 bytes).
    Removing rt_system.o(i.rt_tsk_lock), (80 bytes).
    Removing rt_system.o(i.rt_tsk_unlock), (80 bytes).
    Removing rt_event.o(i.isr_evt_set), (40 bytes).
    Removing rt_event.o(i.rt_evt_clr), (28 bytes).
    Removing rt_event.o(i.rt_evt_get), (12 bytes).
    Removing rt_event.o(i.rt_evt_set), (92 bytes).
    Removing rt_event.o(i.rt_evt_wait), (60 bytes).
    Removing rt_list.o(i.rt_get_same_rdy_prio), (36 bytes).
    Removing rt_mailbox.o(i.rt_mbx_send), (152 bytes).
    Removing rt_semaphore.o(i.isr_sem_send), (16 bytes).
    Removing rt_semaphore.o(i.rt_sem_delete), (92 bytes).
    Removing rt_semaphore.o(i.rt_sem_init), (12 bytes).
    Removing rt_semaphore.o(i.rt_sem_send), (42 bytes).
    Removing rt_semaphore.o(i.rt_sem_wait), (64 bytes).
    Removing rt_time.o(i.rt_dly_wait), (6 bytes).
    Removing rt_time.o(i.rt_itv_set), (24 bytes).
    Removing rt_time.o(i.rt_itv_wait), (40 bytes).
    Removing rt_time.o(i.rt_time_get), (12 bytes).
    Removing rt_membox.o(i._calloc_box), (30 bytes).

126 unused section(s) (total 4948 bytes) removed from the image.

==============================================================================

Image Symbol Table

    Local Symbols

    Symbol Name                              Value     Ov Type        Size  Object(Section)

    RESET                                    0x00000000   Section      204  startup_lpc17xx.o(RESET)
    ../clib/angel/boardlib.s                 0x00000000   Number         0  boardshut.o ABSOLUTE
    ../clib/angel/boardlib.s                 0x00000000   Number         0  boardinit1.o ABSOLUTE
    ../clib/angel/boardlib.s                 0x00000000   Number         0  boardinit2.o ABSOLUTE
    ../clib/angel/handlers.s                 0x00000000   Number         0  __scatter_zi.o ABSOLUTE
    ../clib/angel/handlers.s                 0x00000000   Number         0  __scatter_copy.o ABSOLUTE
    ../clib/angel/kernel.s                   0x00000000   Number         0  rtexit.o ABSOLUTE
    ../clib/angel/kernel.s                   0x00000000   Number         0  __rtentry.o ABSOLUTE
    ../clib/angel/kernel.s                   0x00000000   Number         0  __rtentry4.o ABSOLUTE
    ../clib/angel/kernel.s                   0x00000000   Number         0  __rtentry2.o ABSOLUTE
    ../clib/angel/kernel.s                   0x00000000   Number         0  rtexit2.o ABSOLUTE
    ../clib/angel/rt.s                       0x00000000   Number         0  rt_div0.o ABSOLUTE
    ../clib/angel/rt.s                       0x00000000   Number         0  rt_raise.o ABSOLUTE
    ../clib/angel/rt.s                       0x00000000   Number         0  aeabi_ldiv0_sigfpe.o ABSOLUTE
    ../clib/angel/rt.s                       0x00000000   Number         0  aeabi_ldiv0.o ABSOLUTE
    ../clib/angel/scatter.s                  0x00000000   Number         0  __scatter.o ABSOLUTE
    ../clib/angel/startup.s                  0x00000000   Number         0  __main.o ABSOLUTE
    ../clib/angel/sys.s                      0x00000000   Number         0  indicate_semi.o ABSOLUTE
    ../clib/angel/sys.s                      0x00000000   Number         0  use_no_semi.o ABSOLUTE
    ../clib/angel/sys.s                      0x00000000   Number         0  libspace.o ABSOLUTE
    ../clib/angel/sys.s                      0x00000000   Number         0  sys_stackheap_outer.o ABSOLUTE
    ../clib/angel/sysapp.c                   0x00000000   Number         0  sys_exit.o ABSOLUTE
    ../clib/angel/sysapp.c                   0x00000000   Number         0  sys_command.o ABSOLUTE
    ../clib/angel/sysapp.c                   0x00000000   Number         0  sys_wrch.o ABSOLUTE
    ../clib/armsys.c                         0x00000000   Number         0  no_argv.o ABSOLUTE
    ../clib/armsys.c                         0x00000000   Number         0  _get_argv_nomalloc.o ABSOLUTE
    ../clib/armsys.c                         0x00000000   Number         0  argv_veneer.o ABSOLUTE
    ../clib/armsys.c                         0x00000000   Number         0  argv_veneer.o ABSOLUTE
    ../clib/heapalloc.c                      0x00000000   Number         0  hrguard.o ABSOLUTE
    ../clib/heapaux.c                        0x00000000   Number         0  heapauxi.o ABSOLUTE
    ../clib/libinit.s                        0x00000000   Number         0  libinit2.o ABSOLUTE
    ../clib/libinit.s                        0x00000000   Number         0  libshutdown2.o ABSOLUTE
    ../clib/libinit.s                        0x00000000   Number         0  libshutdown.o ABSOLUTE
    ../clib/libinit.s                        0x00000000   Number         0  libinit.o ABSOLUTE
    ../clib/longlong.s                       0x00000000   Number         0  lludivv7m.o ABSOLUTE
    ../clib/signal.c                         0x00000000   Number         0  defsig_rtmem_outer.o ABSOLUTE
    ../clib/signal.c                         0x00000000   Number         0  defsig_abrt_inner.o ABSOLUTE
    ../clib/signal.c                         0x00000000   Number         0  defsig_rtmem_inner.o ABSOLUTE
    ../clib/signal.c                         0x00000000   Number         0  defsig_fpe_inner.o ABSOLUTE
    ../clib/signal.c                         0x00000000   Number         0  defsig_general.o ABSOLUTE
    ../clib/signal.c                         0x00000000   Number         0  __raise.o ABSOLUTE
    ../clib/signal.c                         0x00000000   Number         0  defsig_exit.o ABSOLUTE
    ../clib/signal.c                         0x00000000   Number         0  defsig_fpe_formal.o ABSOLUTE
    ../clib/signal.c                         0x00000000   Number         0  defsig_fpe_outer.o ABSOLUTE
    ../clib/signal.c                         0x00000000   Number         0  defsig_rtred_inner.o ABSOLUTE
    ../clib/signal.c                         0x00000000   Number         0  defsig_other.o ABSOLUTE
    ../clib/signal.c                         0x00000000   Number         0  defsig_segv_inner.o ABSOLUTE
    ../clib/signal.c                         0x00000000   Number         0  defsig_cppl_inner.o ABSOLUTE
    ../clib/signal.c                         0x00000000   Number         0  defsig_pvfn_inner.o ABSOLUTE
    ../clib/signal.c                         0x00000000   Number         0  defsig_stak_inner.o ABSOLUTE
    ../clib/signal.c                         0x00000000   Number         0  defsig_rtmem_formal.o ABSOLUTE
    ../clib/signal.s                         0x00000000   Number         0  defsig.o ABSOLUTE
    ../clib/stdlib.c                         0x00000000   Number         0  exit.o ABSOLUTE
    ../fplib/fpinit.s                        0x00000000   Number         0  fpinit.o ABSOLUTE
    ..\HAL_CM.c                              0x00000000   Number         0  hal_cm.o ABSOLUTE
    ..\\rt_CMSIS.c                           0x00000000   Number         0  rt_cmsis.o ABSOLUTE
    ..\\rt_System.c                          0x00000000   Number         0  rt_system.o ABSOLUTE
    ..\rt_CMSIS.c                            0x00000000   Number         0  rt_cmsis.o ABSOLUTE
    ..\rt_Event.c                            0x00000000   Number         0  rt_event.o ABSOLUTE
    ..\rt_List.c                             0x00000000   Number         0  rt_list.o ABSOLUTE
    ..\rt_Mailbox.c                          0x00000000   Number         0  rt_mailbox.o ABSOLUTE
    ..\rt_MemBox.c                           0x00000000   Number         0  rt_membox.o ABSOLUTE
    ..\rt_Memory.c                           0x00000000   Number         0  rt_memory.o ABSOLUTE
    ..\rt_Mutex.c                            0x00000000   Number         0  rt_mutex.o ABSOLUTE
    ..\rt_Robin.c                            0x00000000   Number         0  rt_robin.o ABSOLUTE
    ..\rt_Semaphore.c                        0x00000000   Number         0  rt_semaphore.o ABSOLUTE
    ..\rt_System.c                           0x00000000   Number         0  rt_system.o ABSOLUTE
    ..\rt_Task.c                             0x00000000   Number         0  rt_task.o ABSOLUTE
    ..\rt_Time.c                             0x00000000   Number         0  rt_time.o ABSOLUTE
    GLCD_SPI_LPC1700.c                       0x00000000   Number         0  glcd_spi_lpc1700.o ABSOLUTE
    GLCD_SPI_LPC1700.c                       0x00000000   Number         0  glcd_spi_lpc1700.o ABSOLUTE
    HAL_CM3.c                                0x00000000   Number         0  hal_cm3.o ABSOLUTE
    HAL_CM3.c                                0x00000000   Number         0  hal_cm3.o ABSOLUTE
    RTE/CMSIS/RTX_Conf_CM.c                  0x00000000   Number         0  rtx_conf_cm.o ABSOLUTE
    RTE/Device/LPC1768/startup_LPC17xx.s     0x00000000   Number         0  startup_lpc17xx.o ABSOLUTE
    RTE/Device/LPC1768/system_LPC17xx.c      0x00000000   Number         0  system_lpc17xx.o ABSOLUTE
    RTE\CMSIS\RTX_Conf_CM.c                  0x00000000   Number         0  rtx_conf_cm.o ABSOLUTE
    RTE\Device\LPC1768\system_LPC17xx.c      0x00000000   Number         0  system_lpc17xx.o ABSOLUTE
    SVC_Table.s                              0x00000000   Number         0  svc_table.o ABSOLUTE
    dc.s                                     0x00000000   Number         0  dc.o ABSOLUTE
    joystick.c                               0x00000000   Number         0  joystick.o ABSOLUTE
    joystick.c                               0x00000000   Number         0  joystick.o ABSOLUTE
    main_stepper.c                           0x00000000   Number         0  main_stepper.o ABSOLUTE
    main_stepper.c                           0x00000000   Number         0  main_stepper.o ABSOLUTE
    !!!main                                  0x000000cc   Section        8  __main.o(!!!main)
    !!!scatter                               0x000000d4   Section       52  __scatter.o(!!!scatter)
    !!handler_copy                           0x00000108   Section       26  __scatter_copy.o(!!handler_copy)
    !!handler_zi                             0x00000124   Section       28  __scatter_zi.o(!!handler_zi)
    .ARM.Collect$$libinit$$00000000          0x00000140   Section        2  libinit.o(.ARM.Collect$$libinit$$00000000)
    .ARM.Collect$$libinit$$00000002          0x00000142   Section        0  libinit2.o(.ARM.Collect$$libinit$$00000002)
    .ARM.Collect$$libinit$$00000004          0x00000142   Section        0  libinit2.o(.ARM.Collect$$libinit$$00000004)
    .ARM.Collect$$libinit$$0000000A          0x00000142   Section        0  libinit2.o(.ARM.Collect$$libinit$$0000000A)
    .ARM.Collect$$libinit$$0000000C          0x00000142   Section        0  libinit2.o(.ARM.Collect$$libinit$$0000000C)
    .ARM.Collect$$libinit$$0000000E          0x00000142   Section        0  libinit2.o(.ARM.Collect$$libinit$$0000000E)
    .ARM.Collect$$libinit$$00000011          0x00000142   Section        0  libinit2.o(.ARM.Collect$$libinit$$00000011)
    .ARM.Collect$$libinit$$00000013          0x00000142   Section        0  libinit2.o(.ARM.Collect$$libinit$$00000013)
    .ARM.Collect$$libinit$$00000015          0x00000142   Section        0  libinit2.o(.ARM.Collect$$libinit$$00000015)
    .ARM.Collect$$libinit$$00000017          0x00000142   Section        0  libinit2.o(.ARM.Collect$$libinit$$00000017)
    .ARM.Collect$$libinit$$00000019          0x00000142   Section        0  libinit2.o(.ARM.Collect$$libinit$$00000019)
    .ARM.Collect$$libinit$$0000001B          0x00000142   Section        0  libinit2.o(.ARM.Collect$$libinit$$0000001B)
    .ARM.Collect$$libinit$$0000001D          0x00000142   Section        0  libinit2.o(.ARM.Collect$$libinit$$0000001D)
    .ARM.Collect$$libinit$$0000001F          0x00000142   Section        0  libinit2.o(.ARM.Collect$$libinit$$0000001F)
    .ARM.Collect$$libinit$$00000021          0x00000142   Section        0  libinit2.o(.ARM.Collect$$libinit$$00000021)
    .ARM.Collect$$libinit$$00000023          0x00000142   Section        0  libinit2.o(.ARM.Collect$$libinit$$00000023)
    .ARM.Collect$$libinit$$00000025          0x00000142   Section        0  libinit2.o(.ARM.Collect$$libinit$$00000025)
    .ARM.Collect$$libinit$$0000002C          0x00000142   Section        0  libinit2.o(.ARM.Collect$$libinit$$0000002C)
    .ARM.Collect$$libinit$$0000002E          0x00000142   Section        0  libinit2.o(.ARM.Collect$$libinit$$0000002E)
    .ARM.Collect$$libinit$$00000030          0x00000142   Section        0  libinit2.o(.ARM.Collect$$libinit$$00000030)
    .ARM.Collect$$libinit$$00000032          0x00000142   Section        0  libinit2.o(.ARM.Collect$$libinit$$00000032)
    .ARM.Collect$$libinit$$00000033          0x00000142   Section        2  libinit2.o(.ARM.Collect$$libinit$$00000033)
    .ARM.Collect$$libshutdown$$00000000      0x00000144   Section        2  libshutdown.o(.ARM.Collect$$libshutdown$$00000000)
    .ARM.Collect$$libshutdown$$00000002      0x00000146   Section        0  libshutdown2.o(.ARM.Collect$$libshutdown$$00000002)
    .ARM.Collect$$libshutdown$$00000004      0x00000146   Section        0  libshutdown2.o(.ARM.Collect$$libshutdown$$00000004)
    .ARM.Collect$$libshutdown$$00000006      0x00000146   Section        0  libshutdown2.o(.ARM.Collect$$libshutdown$$00000006)
    .ARM.Collect$$libshutdown$$00000009      0x00000146   Section        0  libshutdown2.o(.ARM.Collect$$libshutdown$$00000009)
    .ARM.Collect$$libshutdown$$0000000C      0x00000146   Section        0  libshutdown2.o(.ARM.Collect$$libshutdown$$0000000C)
    .ARM.Collect$$libshutdown$$0000000E      0x00000146   Section        0  libshutdown2.o(.ARM.Collect$$libshutdown$$0000000E)
    .ARM.Collect$$libshutdown$$00000011      0x00000146   Section        0  libshutdown2.o(.ARM.Collect$$libshutdown$$00000011)
    .ARM.Collect$$libshutdown$$00000012      0x00000146   Section        2  libshutdown2.o(.ARM.Collect$$libshutdown$$00000012)
    .ARM.Collect$$rtentry$$00000000          0x00000148   Section        0  __rtentry.o(.ARM.Collect$$rtentry$$00000000)
    .ARM.Collect$$rtentry$$00000002          0x00000148   Section        0  __rtentry2.o(.ARM.Collect$$rtentry$$00000002)
    .ARM.Collect$$rtentry$$00000004          0x00000148   Section        6  __rtentry4.o(.ARM.Collect$$rtentry$$00000004)
    .ARM.Collect$$rtentry$$00000009          0x0000014e   Section        0  __rtentry2.o(.ARM.Collect$$rtentry$$00000009)
    .ARM.Collect$$rtentry$$0000000A          0x0000014e   Section        4  __rtentry2.o(.ARM.Collect$$rtentry$$0000000A)
    .ARM.Collect$$rtentry$$0000000B          0x00000152   Section        8  __rtentry2.o(.ARM.Collect$$rtentry$$0000000B)
    .ARM.Collect$$rtentry$$0000000D          0x0000015a   Section        8  __rtentry2.o(.ARM.Collect$$rtentry$$0000000D)
    .ARM.Collect$$rtexit$$00000000           0x00000162   Section        2  rtexit.o(.ARM.Collect$$rtexit$$00000000)
    .ARM.Collect$$rtexit$$00000002           0x00000164   Section        0  rtexit2.o(.ARM.Collect$$rtexit$$00000002)
    .ARM.Collect$$rtexit$$00000003           0x00000164   Section        4  rtexit2.o(.ARM.Collect$$rtexit$$00000003)
    .ARM.Collect$$rtexit$$00000004           0x00000168   Section        6  rtexit2.o(.ARM.Collect$$rtexit$$00000004)
    .emb_text                                0x00000170   Section       28  rtx_conf_cm.o(.emb_text)
    .emb_text                                0x0000018c   Section      304  hal_cm3.o(.emb_text)
    .text                                    0x000002bc   Section       60  startup_lpc17xx.o(.text)
    .text                                    0x000002f8   Section        2  use_no_semi.o(.text)
    .text                                    0x000002fa   Section        0  indicate_semi.o(.text)
    i.os_tick_irqack                         0x000002fa   Section        0  rt_system.o(i.os_tick_irqack)
    .ARM.__at_0x02FC                         0x000002fc   Section        4  startup_lpc17xx.o(.ARM.__at_0x02FC)
    .text                                    0x00000300   Section        8  libspace.o(.text)
    .text                                    0x00000308   Section        0  exit.o(.text)
    .text                                    0x0000031a   Section        0  heapauxi.o(.text)
    .text                                    0x00000320   Section        0  sys_exit.o(.text)
    .text                                    0x0000032c   Section       74  sys_stackheap_outer.o(.text)
    SVC_TABLE                                0x00000378   Section        4  svc_table.o(SVC_TABLE)
    i.GLCD_Clear                             0x0000037c   Section        0  glcd_spi_lpc1700.o(i.GLCD_Clear)
    i.GLCD_DisplayChar                       0x000003a8   Section        0  glcd_spi_lpc1700.o(i.GLCD_DisplayChar)
    i.GLCD_DisplayString                     0x00000404   Section        0  glcd_spi_lpc1700.o(i.GLCD_DisplayString)
    i.GLCD_DrawChar                          0x0000042c   Section        0  glcd_spi_lpc1700.o(i.GLCD_DrawChar)
    i.GLCD_Init                              0x000004c8   Section        0  glcd_spi_lpc1700.o(i.GLCD_Init)
    i.GLCD_SetBackColor                      0x00000ab0   Section        0  glcd_spi_lpc1700.o(i.GLCD_SetBackColor)
    i.GLCD_SetTextColor                      0x00000abc   Section        0  glcd_spi_lpc1700.o(i.GLCD_SetTextColor)
    i.GLCD_SetWindow                         0x00000ac8   Section        0  glcd_spi_lpc1700.o(i.GLCD_SetWindow)
    i.GLCD_WindowMax                         0x00000b74   Section        0  glcd_spi_lpc1700.o(i.GLCD_WindowMax)
    i.GLCD_for_fullstepper                   0x00000b86   Section        0  main_stepper.o(i.GLCD_for_fullstepper)
    i.JOYSTICK_GetKeys                       0x00000cac   Section        0  joystick.o(i.JOYSTICK_GetKeys)
    i.SystemInit                             0x00000cec   Section        0  system_lpc17xx.o(i.SystemInit)
    i._init_box                              0x00000e2c   Section        0  rt_membox.o(i._init_box)
    i._mutex_acquire                         0x00000e74   Section        0  rtx_conf_cm.o(i._mutex_acquire)
    __tagsym$$used                           0x00000e75   Number         0  rtx_conf_cm.o(i._mutex_acquire)
    i._mutex_release                         0x00000e94   Section        0  rtx_conf_cm.o(i._mutex_release)
    __tagsym$$used                           0x00000e95   Number         0  rtx_conf_cm.o(i._mutex_release)
    i.dbg_init                               0x00000eb0   Section        0  hal_cm.o(i.dbg_init)
    i.dbg_task_notify                        0x00000ee0   Section        0  hal_cm.o(i.dbg_task_notify)
    i.dbg_task_switch                        0x00000f00   Section        0  hal_cm.o(i.dbg_task_switch)
    i.delay                                  0x00000f10   Section        0  glcd_spi_lpc1700.o(i.delay)
    delay                                    0x00000f11   Thumb Code    14  glcd_spi_lpc1700.o(i.delay)
    i.delay_dirty                            0x00000f20   Section        0  main_stepper.o(i.delay_dirty)
    i.isrMessageGet                          0x00000f38   Section        0  rt_cmsis.o(i.isrMessageGet)
    i.isrMessagePut                          0x00000f62   Section        0  rt_cmsis.o(i.isrMessagePut)
    i.isr_mbx_receive                        0x00000f90   Section        0  rt_mailbox.o(i.isr_mbx_receive)
    i.isr_mbx_send                           0x00000fe6   Section        0  rt_mailbox.o(i.isr_mbx_send)
    i.main                                   0x00000ff4   Section        0  main_stepper.o(i.main)
    i.osKernelInitialize                     0x000011ac   Section        0  rt_cmsis.o(i.osKernelInitialize)
    i.osKernelStart                          0x000011d0   Section        0  rt_cmsis.o(i.osKernelStart)
    i.osMessageGet                           0x0000123c   Section        0  rt_cmsis.o(i.osMessageGet)
    i.osThreadCreate                         0x00001254   Section        0  rt_cmsis.o(i.osThreadCreate)
    i.osThreadExit                           0x00001280   Section        0  rt_cmsis.o(i.osThreadExit)
    i.osTimerCall                            0x00001298   Section        0  rt_cmsis.o(i.osTimerCall)
    i.osTimerThread                          0x000012a4   Section        0  rt_cmsis.o(i.osTimerThread)
    i.os_error                               0x000012d0   Section        0  rtx_conf_cm.o(i.os_error)
    i.os_idle_demon                          0x000012f2   Section        0  rtx_conf_cm.o(i.os_idle_demon)
    i.os_tick_init                           0x000012f8   Section        0  rt_system.o(i.os_tick_init)
    i.rd_id_man                              0x00001320   Section        0  glcd_spi_lpc1700.o(i.rd_id_man)
    rd_id_man                                0x00001321   Thumb Code   132  glcd_spi_lpc1700.o(i.rd_id_man)
    i.rd_reg                                 0x000013ac   Section        0  glcd_spi_lpc1700.o(i.rd_reg)
    rd_reg                                   0x000013ad   Thumb Code    66  glcd_spi_lpc1700.o(i.rd_reg)
    i.rt_alloc_box                           0x000013f4   Section        0  rt_membox.o(i.rt_alloc_box)
    i.rt_alloc_mem                           0x0000140e   Section        0  rt_memory.o(i.rt_alloc_mem)
    i.rt_block                               0x0000144c   Section        0  rt_task.o(i.rt_block)
    i.rt_chk_robin                           0x00001484   Section        0  rt_robin.o(i.rt_chk_robin)
    i.rt_dec_dly                             0x000014cc   Section        0  rt_list.o(i.rt_dec_dly)
    i.rt_dispatch                            0x0000153c   Section        0  rt_task.o(i.rt_dispatch)
    i.rt_evt_psh                             0x00001580   Section        0  rt_event.o(i.rt_evt_psh)
    i.rt_free_box                            0x000015d0   Section        0  rt_membox.o(i.rt_free_box)
    i.rt_free_mem                            0x000015fc   Section        0  rt_memory.o(i.rt_free_mem)
    i.rt_get_first                           0x00001624   Section        0  rt_list.o(i.rt_get_first)
    i.rt_id2obj                              0x0000164c   Section        0  rt_cmsis.o(i.rt_id2obj)
    rt_id2obj                                0x0000164d   Thumb Code     8  rt_cmsis.o(i.rt_id2obj)
    i.rt_init_context                        0x00001654   Section        0  rt_task.o(i.rt_init_context)
    rt_init_context                          0x00001655   Thumb Code    66  rt_task.o(i.rt_init_context)
    i.rt_init_mem                            0x0000169c   Section        0  rt_memory.o(i.rt_init_mem)
    i.rt_init_robin                          0x000016b8   Section        0  rt_robin.o(i.rt_init_robin)
    i.rt_init_stack                          0x000016d0   Section        0  hal_cm.o(i.rt_init_stack)
    i.rt_mbx_check                           0x00001750   Section        0  rt_mailbox.o(i.rt_mbx_check)
    i.rt_mbx_init                            0x00001758   Section        0  rt_mailbox.o(i.rt_mbx_init)
    i.rt_mbx_psh                             0x00001774   Section        0  rt_mailbox.o(i.rt_mbx_psh)
    i.rt_mbx_wait                            0x00001864   Section        0  rt_mailbox.o(i.rt_mbx_wait)
    i.rt_ms2tick                             0x00001918   Section        0  rt_cmsis.o(i.rt_ms2tick)
    rt_ms2tick                               0x00001919   Thumb Code    58  rt_cmsis.o(i.rt_ms2tick)
    i.rt_mut_release                         0x0000195c   Section        0  rt_mutex.o(i.rt_mut_release)
    i.rt_mut_wait                            0x00001a34   Section        0  rt_mutex.o(i.rt_mut_wait)
    i.rt_pop_req                             0x00001aac   Section        0  rt_system.o(i.rt_pop_req)
    i.rt_psh_req                             0x00001b28   Section        0  rt_system.o(i.rt_psh_req)
    i.rt_psq_enq                             0x00001b48   Section        0  rt_list.o(i.rt_psq_enq)
    i.rt_put_dly                             0x00001ba4   Section        0  rt_list.o(i.rt_put_dly)
    i.rt_put_prio                            0x00001bec   Section        0  rt_list.o(i.rt_put_prio)
    i.rt_put_rdy_first                       0x00001c24   Section        0  rt_list.o(i.rt_put_rdy_first)
    i.rt_resort_prio                         0x00001c38   Section        0  rt_list.o(i.rt_resort_prio)
    i.rt_ret_val                             0x00001c6c   Section        0  hal_cm.o(i.rt_ret_val)
    i.rt_ret_val2                            0x00001c72   Section        0  hal_cm.o(i.rt_ret_val2)
    i.rt_rmv_dly                             0x00001c7a   Section        0  rt_list.o(i.rt_rmv_dly)
    i.rt_rmv_list                            0x00001ca4   Section        0  rt_list.o(i.rt_rmv_list)
    i.rt_sem_psh                             0x00001cd4   Section        0  rt_semaphore.o(i.rt_sem_psh)
    i.rt_stk_check                           0x00001d08   Section        0  rt_system.o(i.rt_stk_check)
    i.rt_switch_req                          0x00001d2c   Section        0  rt_task.o(i.rt_switch_req)
    i.rt_sys_init                            0x00001d54   Section        0  rt_task.o(i.rt_sys_init)
    i.rt_sys_start                           0x00001e20   Section        0  rt_task.o(i.rt_sys_start)
    i.rt_systick                             0x00001e98   Section        0  rt_system.o(i.rt_systick)
    i.rt_tid2ptcb                            0x00001ed8   Section        0  rt_cmsis.o(i.rt_tid2ptcb)
    rt_tid2ptcb                              0x00001ed9   Thumb Code    18  rt_cmsis.o(i.rt_tid2ptcb)
    i.rt_timer_insert                        0x00001eec   Section        0  rt_cmsis.o(i.rt_timer_insert)
    rt_timer_insert                          0x00001eed   Thumb Code    48  rt_cmsis.o(i.rt_timer_insert)
    i.rt_tsk_create                          0x00001f20   Section        0  rt_task.o(i.rt_tsk_create)
    i.rt_tsk_delete                          0x00001fa8   Section        0  rt_task.o(i.rt_tsk_delete)
    i.rt_tsk_prio                            0x00002124   Section        0  rt_task.o(i.rt_tsk_prio)
    i.rt_tsk_self                            0x000021a0   Section        0  rt_task.o(i.rt_tsk_self)
    i.set_outputs                            0x000021b0   Section        0  main_stepper.o(i.set_outputs)
    i.spi_tran                               0x00002248   Section        0  glcd_spi_lpc1700.o(i.spi_tran)
    spi_tran                                 0x00002249   Thumb Code    28  glcd_spi_lpc1700.o(i.spi_tran)
    i.spi_tran_man                           0x00002268   Section        0  glcd_spi_lpc1700.o(i.spi_tran_man)
    spi_tran_man                             0x00002269   Thumb Code   124  glcd_spi_lpc1700.o(i.spi_tran_man)
    i.svcKernelInitialize                    0x000022e8   Section        0  rt_cmsis.o(i.svcKernelInitialize)
    i.svcKernelStart                         0x00002358   Section        0  rt_cmsis.o(i.svcKernelStart)
    i.svcMessageCreate                       0x000023a0   Section        0  rt_cmsis.o(i.svcMessageCreate)
    i.svcMessageGet                          0x000023c4   Section        0  rt_cmsis.o(i.svcMessageGet)
    i.svcThreadCreate                        0x00002400   Section        0  rt_cmsis.o(i.svcThreadCreate)
    i.svcThreadGetId                         0x0000246c   Section        0  rt_cmsis.o(i.svcThreadGetId)
    i.svcThreadTerminate                     0x00002488   Section        0  rt_cmsis.o(i.svcThreadTerminate)
    i.svcTimerCall                           0x000024c0   Section        0  rt_cmsis.o(i.svcTimerCall)
    i.sysTimerTick                           0x000024d8   Section        0  rt_cmsis.o(i.sysTimerTick)
    i.wr_cmd                                 0x00002534   Section        0  glcd_spi_lpc1700.o(i.wr_cmd)
    wr_cmd                                   0x00002535   Thumb Code    36  glcd_spi_lpc1700.o(i.wr_cmd)
    i.wr_dat                                 0x0000255c   Section        0  glcd_spi_lpc1700.o(i.wr_dat)
    wr_dat                                   0x0000255d   Thumb Code    36  glcd_spi_lpc1700.o(i.wr_dat)
    i.wr_dat_only                            0x00002584   Section        0  glcd_spi_lpc1700.o(i.wr_dat_only)
    wr_dat_only                              0x00002585   Thumb Code    18  glcd_spi_lpc1700.o(i.wr_dat_only)
    i.wr_dat_start                           0x00002598   Section        0  glcd_spi_lpc1700.o(i.wr_dat_start)
    wr_dat_start                             0x00002599   Thumb Code    16  glcd_spi_lpc1700.o(i.wr_dat_start)
    i.wr_dat_stop                            0x000025ac   Section        0  glcd_spi_lpc1700.o(i.wr_dat_stop)
    wr_dat_stop                              0x000025ad   Thumb Code     8  glcd_spi_lpc1700.o(i.wr_dat_stop)
    i.wr_reg                                 0x000025b8   Section        0  glcd_spi_lpc1700.o(i.wr_reg)
    wr_reg                                   0x000025b9   Thumb Code    20  glcd_spi_lpc1700.o(i.wr_reg)
    .constdata                               0x000025cc   Section     6272  glcd_spi_lpc1700.o(.constdata)
    .constdata                               0x00003e4c   Section      104  rtx_conf_cm.o(.constdata)
    __tagsym$$used                           0x00003e68   Number         0  rtx_conf_cm.o(.constdata)
    __tagsym$$used                           0x00003e6c   Number         0  rtx_conf_cm.o(.constdata)
    __tagsym$$used                           0x00003e70   Number         0  rtx_conf_cm.o(.constdata)
    __tagsym$$used                           0x00003e74   Number         0  rtx_conf_cm.o(.constdata)
    .data                                    0x10000000   Section       20  main_stepper.o(.data)
    .data                                    0x10000014   Section        5  glcd_spi_lpc1700.o(.data)
    Color                                    0x10000014   Data           4  glcd_spi_lpc1700.o(.data)
    Himax                                    0x10000018   Data           1  glcd_spi_lpc1700.o(.data)
    .data                                    0x1000001c   Section       20  rtx_conf_cm.o(.data)
    nr_mutex                                 0x1000002c   Data           4  rtx_conf_cm.o(.data)
    .data                                    0x10000030   Section        8  rt_cmsis.o(.data)
    .data                                    0x10000038   Section        8  rt_task.o(.data)
    .data                                    0x10000040   Section        8  rt_system.o(.data)
    os_lock                                  0x10000040   Data           1  rt_system.o(.data)
    os_psh_flag                              0x10000041   Data           1  rt_system.o(.data)
    pend_flags                               0x10000042   Data           1  rt_system.o(.data)
    .data                                    0x10000048   Section        4  rt_time.o(.data)
    .data                                    0x1000004c   Section        8  rt_robin.o(.data)
    .data                                    0x10000054   Section        1  hal_cm.o(.data)
    .bss                                     0x10000058   Section     3016  rtx_conf_cm.o(.bss)
    std_libspace                             0x10000900   Data         672  rtx_conf_cm.o(.bss)
    std_libmutex                             0x10000ba0   Data         128  rtx_conf_cm.o(.bss)
    .bss                                     0x10000c20   Section       52  rt_task.o(.bss)
    .bss                                     0x10000c54   Section       48  rt_list.o(.bss)
    .bss                                     0x10000c84   Section       96  libspace.o(.bss)
    HEAP                                     0x10000ce8   Section        0  startup_lpc17xx.o(HEAP)
    STACK                                    0x10000ce8   Section      512  startup_lpc17xx.o(STACK)
    Heap_Mem                                 0x10000ce8   Data           0  startup_lpc17xx.o(HEAP)
    Stack_Mem                                0x10000ce8   Data         512  startup_lpc17xx.o(STACK)
    __initial_sp                             0x10000ee8   Data           0  startup_lpc17xx.o(STACK)

    Global Symbols

    Symbol Name                              Value     Ov Type        Size  Object(Section)

    BuildAttributes$$THM_ISAv4$P$D$K$B$S$PE$A:L22UL41UL21$X:L11$S22US41US21$IEEE1$IW$USESV6$~STKCKD$USESV7$~SHL$OSPACE$ROPI$EBA8$UX$STANDARDLIB$REQ8$PRES8$EABIv2 0x00000000   Number         0  anon$$obj.o ABSOLUTE
    __ARM_use_no_argv                        0x00000000   Number         0  main_stepper.o ABSOLUTE
    __Vectors                                0x00000000   Data           4  startup_lpc17xx.o(RESET)
    __ARM_exceptions_init                     - Undefined Weak Reference
    __alloca_initialize                       - Undefined Weak Reference
    __arm_fini_                               - Undefined Weak Reference
    __arm_preinit_                            - Undefined Weak Reference
    __cpp_initialize__aeabi_                  - Undefined Weak Reference
    __cxa_finalize                            - Undefined Weak Reference
    __rt_locale                               - Undefined Weak Reference
    __sigvec_lookup                           - Undefined Weak Reference
    _atexit_init                              - Undefined Weak Reference
    _call_atexit_fns                          - Undefined Weak Reference
    _clock_init                               - Undefined Weak Reference
    _fp_trap_init                             - Undefined Weak Reference
    _fp_trap_shutdown                         - Undefined Weak Reference
    _get_lc_collate                           - Undefined Weak Reference
    _get_lc_ctype                             - Undefined Weak Reference
    _get_lc_monetary                          - Undefined Weak Reference
    _get_lc_numeric                           - Undefined Weak Reference
    _get_lc_time                              - Undefined Weak Reference
    _getenv_init                              - Undefined Weak Reference
    _handle_redirection                       - Undefined Weak Reference
    _init_alloc                               - Undefined Weak Reference
    _init_user_alloc                          - Undefined Weak Reference
    _initio                                   - Undefined Weak Reference
    _rand_init                                - Undefined Weak Reference
    _signal_finish                            - Undefined Weak Reference
    _signal_init                              - Undefined Weak Reference
    _terminate_alloc                          - Undefined Weak Reference
    _terminate_user_alloc                     - Undefined Weak Reference
    _terminateio                              - Undefined Weak Reference
    __main                                   0x000000cd   Thumb Code     8  __main.o(!!!main)
    __scatterload                            0x000000d5   Thumb Code     0  __scatter.o(!!!scatter)
    __scatterload_rt2                        0x000000d5   Thumb Code    44  __scatter.o(!!!scatter)
    __scatterload_rt2_thumb_only             0x000000d5   Thumb Code     0  __scatter.o(!!!scatter)
    __scatterload_null                       0x000000e3   Thumb Code     0  __scatter.o(!!!scatter)
    __scatterload_copy                       0x00000109   Thumb Code    26  __scatter_copy.o(!!handler_copy)
    __scatterload_zeroinit                   0x00000125   Thumb Code    28  __scatter_zi.o(!!handler_zi)
    __rt_lib_init                            0x00000141   Thumb Code     0  libinit.o(.ARM.Collect$$libinit$$00000000)
    __rt_lib_init_alloca_1                   0x00000143   Thumb Code     0  libinit2.o(.ARM.Collect$$libinit$$0000002E)
    __rt_lib_init_argv_1                     0x00000143   Thumb Code     0  libinit2.o(.ARM.Collect$$libinit$$0000002C)
    __rt_lib_init_atexit_1                   0x00000143   Thumb Code     0  libinit2.o(.ARM.Collect$$libinit$$0000001B)
    __rt_lib_init_clock_1                    0x00000143   Thumb Code     0  libinit2.o(.ARM.Collect$$libinit$$00000021)
    __rt_lib_init_cpp_1                      0x00000143   Thumb Code     0  libinit2.o(.ARM.Collect$$libinit$$00000032)
    __rt_lib_init_exceptions_1               0x00000143   Thumb Code     0  libinit2.o(.ARM.Collect$$libinit$$00000030)
    __rt_lib_init_fp_1                       0x00000143   Thumb Code     0  libinit2.o(.ARM.Collect$$libinit$$00000002)
    __rt_lib_init_fp_trap_1                  0x00000143   Thumb Code     0  libinit2.o(.ARM.Collect$$libinit$$0000001F)
    __rt_lib_init_getenv_1                   0x00000143   Thumb Code     0  libinit2.o(.ARM.Collect$$libinit$$00000023)
    __rt_lib_init_heap_1                     0x00000143   Thumb Code     0  libinit2.o(.ARM.Collect$$libinit$$0000000A)
    __rt_lib_init_lc_collate_1               0x00000143   Thumb Code     0  libinit2.o(.ARM.Collect$$libinit$$00000011)
    __rt_lib_init_lc_ctype_1                 0x00000143   Thumb Code     0  libinit2.o(.ARM.Collect$$libinit$$00000013)
    __rt_lib_init_lc_monetary_1              0x00000143   Thumb Code     0  libinit2.o(.ARM.Collect$$libinit$$00000015)
    __rt_lib_init_lc_numeric_1               0x00000143   Thumb Code     0  libinit2.o(.ARM.Collect$$libinit$$00000017)
    __rt_lib_init_lc_time_1                  0x00000143   Thumb Code     0  libinit2.o(.ARM.Collect$$libinit$$00000019)
    __rt_lib_init_preinit_1                  0x00000143   Thumb Code     0  libinit2.o(.ARM.Collect$$libinit$$00000004)
    __rt_lib_init_rand_1                     0x00000143   Thumb Code     0  libinit2.o(.ARM.Collect$$libinit$$0000000E)
    __rt_lib_init_return                     0x00000143   Thumb Code     0  libinit2.o(.ARM.Collect$$libinit$$00000033)
    __rt_lib_init_signal_1                   0x00000143   Thumb Code     0  libinit2.o(.ARM.Collect$$libinit$$0000001D)
    __rt_lib_init_stdio_1                    0x00000143   Thumb Code     0  libinit2.o(.ARM.Collect$$libinit$$00000025)
    __rt_lib_init_user_alloc_1               0x00000143   Thumb Code     0  libinit2.o(.ARM.Collect$$libinit$$0000000C)
    __rt_lib_shutdown                        0x00000145   Thumb Code     0  libshutdown.o(.ARM.Collect$$libshutdown$$00000000)
    __rt_lib_shutdown_cpp_1                  0x00000147   Thumb Code     0  libshutdown2.o(.ARM.Collect$$libshutdown$$00000004)
    __rt_lib_shutdown_fini_1                 0x00000147   Thumb Code     0  libshutdown2.o(.ARM.Collect$$libshutdown$$00000002)
    __rt_lib_shutdown_fp_trap_1              0x00000147   Thumb Code     0  libshutdown2.o(.ARM.Collect$$libshutdown$$00000009)
    __rt_lib_shutdown_heap_1                 0x00000147   Thumb Code     0  libshutdown2.o(.ARM.Collect$$libshutdown$$00000011)
    __rt_lib_shutdown_return                 0x00000147   Thumb Code     0  libshutdown2.o(.ARM.Collect$$libshutdown$$00000012)
    __rt_lib_shutdown_signal_1               0x00000147   Thumb Code     0  libshutdown2.o(.ARM.Collect$$libshutdown$$0000000C)
    __rt_lib_shutdown_stdio_1                0x00000147   Thumb Code     0  libshutdown2.o(.ARM.Collect$$libshutdown$$00000006)
    __rt_lib_shutdown_user_alloc_1           0x00000147   Thumb Code     0  libshutdown2.o(.ARM.Collect$$libshutdown$$0000000E)
    __rt_entry                               0x00000149   Thumb Code     0  __rtentry.o(.ARM.Collect$$rtentry$$00000000)
    __rt_entry_presh_1                       0x00000149   Thumb Code     0  __rtentry2.o(.ARM.Collect$$rtentry$$00000002)
    __rt_entry_sh                            0x00000149   Thumb Code     0  __rtentry4.o(.ARM.Collect$$rtentry$$00000004)
    __rt_entry_li                            0x0000014f   Thumb Code     0  __rtentry2.o(.ARM.Collect$$rtentry$$0000000A)
    __rt_entry_postsh_1                      0x0000014f   Thumb Code     0  __rtentry2.o(.ARM.Collect$$rtentry$$00000009)
    __rt_entry_postli_1                      0x00000153   Thumb Code     0  __rtentry2.o(.ARM.Collect$$rtentry$$0000000B)
    __rt_entry_main                          0x0000015b   Thumb Code     0  __rtentry2.o(.ARM.Collect$$rtentry$$0000000D)
    __rt_exit                                0x00000163   Thumb Code     0  rtexit.o(.ARM.Collect$$rtexit$$00000000)
    __rt_exit_ls                             0x00000165   Thumb Code     0  rtexit2.o(.ARM.Collect$$rtexit$$00000003)
    __rt_exit_prels_1                        0x00000165   Thumb Code     0  rtexit2.o(.ARM.Collect$$rtexit$$00000002)
    __rt_exit_exit                           0x00000169   Thumb Code     0  rtexit2.o(.ARM.Collect$$rtexit$$00000004)
    _platform_post_lib_init                  0x00000171   Thumb Code    24  rtx_conf_cm.o(.emb_text)
    rt_set_PSP                               0x0000018d   Thumb Code     6  hal_cm3.o(.emb_text)
    rt_get_PSP                               0x00000193   Thumb Code     6  hal_cm3.o(.emb_text)
    os_set_env                               0x00000199   Thumb Code    24  hal_cm3.o(.emb_text)
    _alloc_box                               0x000001b5   Thumb Code    28  hal_cm3.o(.emb_text)
    _free_box                                0x000001d5   Thumb Code    28  hal_cm3.o(.emb_text)
    SVC_Handler                              0x000001f5   Thumb Code   108  hal_cm3.o(.emb_text)
    PendSV_Handler                           0x0000026d   Thumb Code    56  hal_cm3.o(.emb_text)
    SysTick_Handler                          0x000002a9   Thumb Code     8  hal_cm3.o(.emb_text)
    OS_Tick_Handler                          0x000002b1   Thumb Code    12  hal_cm3.o(.emb_text)
    Reset_Handler                            0x000002bd   Thumb Code     8  startup_lpc17xx.o(.text)
    NMI_Handler                              0x000002c5   Thumb Code     2  startup_lpc17xx.o(.text)
    HardFault_Handler                        0x000002c7   Thumb Code     2  startup_lpc17xx.o(.text)
    MemManage_Handler                        0x000002c9   Thumb Code     2  startup_lpc17xx.o(.text)
    BusFault_Handler                         0x000002cb   Thumb Code     2  startup_lpc17xx.o(.text)
    UsageFault_Handler                       0x000002cd   Thumb Code     2  startup_lpc17xx.o(.text)
    DebugMon_Handler                         0x000002d1   Thumb Code     2  startup_lpc17xx.o(.text)
    ADC_IRQHandler                           0x000002d7   Thumb Code     0  startup_lpc17xx.o(.text)
    BOD_IRQHandler                           0x000002d7   Thumb Code     0  startup_lpc17xx.o(.text)
    CANActivity_IRQHandler                   0x000002d7   Thumb Code     0  startup_lpc17xx.o(.text)
    CAN_IRQHandler                           0x000002d7   Thumb Code     0  startup_lpc17xx.o(.text)
    DMA_IRQHandler                           0x000002d7   Thumb Code     0  startup_lpc17xx.o(.text)
    EINT0_IRQHandler                         0x000002d7   Thumb Code     0  startup_lpc17xx.o(.text)
    EINT1_IRQHandler                         0x000002d7   Thumb Code     0  startup_lpc17xx.o(.text)
    EINT2_IRQHandler                         0x000002d7   Thumb Code     0  startup_lpc17xx.o(.text)
    EINT3_IRQHandler                         0x000002d7   Thumb Code     0  startup_lpc17xx.o(.text)
    ENET_IRQHandler                          0x000002d7   Thumb Code     0  startup_lpc17xx.o(.text)
    I2C0_IRQHandler                          0x000002d7   Thumb Code     0  startup_lpc17xx.o(.text)
    I2C1_IRQHandler                          0x000002d7   Thumb Code     0  startup_lpc17xx.o(.text)
    I2C2_IRQHandler                          0x000002d7   Thumb Code     0  startup_lpc17xx.o(.text)
    I2S_IRQHandler                           0x000002d7   Thumb Code     0  startup_lpc17xx.o(.text)
    MCPWM_IRQHandler                         0x000002d7   Thumb Code     0  startup_lpc17xx.o(.text)
    PLL0_IRQHandler                          0x000002d7   Thumb Code     0  startup_lpc17xx.o(.text)
    PLL1_IRQHandler                          0x000002d7   Thumb Code     0  startup_lpc17xx.o(.text)
    PWM1_IRQHandler                          0x000002d7   Thumb Code     0  startup_lpc17xx.o(.text)
    QEI_IRQHandler                           0x000002d7   Thumb Code     0  startup_lpc17xx.o(.text)
    RIT_IRQHandler                           0x000002d7   Thumb Code     0  startup_lpc17xx.o(.text)
    RTC_IRQHandler                           0x000002d7   Thumb Code     0  startup_lpc17xx.o(.text)
    SPI_IRQHandler                           0x000002d7   Thumb Code     0  startup_lpc17xx.o(.text)
    SSP0_IRQHandler                          0x000002d7   Thumb Code     0  startup_lpc17xx.o(.text)
    SSP1_IRQHandler                          0x000002d7   Thumb Code     0  startup_lpc17xx.o(.text)
    TIMER0_IRQHandler                        0x000002d7   Thumb Code     0  startup_lpc17xx.o(.text)
    TIMER1_IRQHandler                        0x000002d7   Thumb Code     0  startup_lpc17xx.o(.text)
    TIMER2_IRQHandler                        0x000002d7   Thumb Code     0  startup_lpc17xx.o(.text)
    TIMER3_IRQHandler                        0x000002d7   Thumb Code     0  startup_lpc17xx.o(.text)
    UART0_IRQHandler                         0x000002d7   Thumb Code     0  startup_lpc17xx.o(.text)
    UART1_IRQHandler                         0x000002d7   Thumb Code     0  startup_lpc17xx.o(.text)
    UART2_IRQHandler                         0x000002d7   Thumb Code     0  startup_lpc17xx.o(.text)
    UART3_IRQHandler                         0x000002d7   Thumb Code     0  startup_lpc17xx.o(.text)
    USBActivity_IRQHandler                   0x000002d7   Thumb Code     0  startup_lpc17xx.o(.text)
    USB_IRQHandler                           0x000002d7   Thumb Code     0  startup_lpc17xx.o(.text)
    WDT_IRQHandler                           0x000002d7   Thumb Code     0  startup_lpc17xx.o(.text)
    __user_initial_stackheap                 0x000002d9   Thumb Code     0  startup_lpc17xx.o(.text)
    __I$use$semihosting                      0x000002f9   Thumb Code     0  use_no_semi.o(.text)
    __use_no_semihosting_swi                 0x000002f9   Thumb Code     2  use_no_semi.o(.text)
    __semihosting_library_function           0x000002fb   Thumb Code     0  indicate_semi.o(.text)
    os_tick_irqack                           0x000002fb   Thumb Code     2  rt_system.o(i.os_tick_irqack)
    __user_libspace                          0x00000301   Thumb Code     8  libspace.o(.text)
    __user_perproc_libspace                  0x00000301   Thumb Code     0  libspace.o(.text)
    exit                                     0x00000309   Thumb Code    18  exit.o(.text)
    __use_two_region_memory                  0x0000031b   Thumb Code     2  heapauxi.o(.text)
    __rt_heap_escrow$2region                 0x0000031d   Thumb Code     2  heapauxi.o(.text)
    __rt_heap_expand$2region                 0x0000031f   Thumb Code     2  heapauxi.o(.text)
    _sys_exit                                0x00000321   Thumb Code     8  sys_exit.o(.text)
    __user_setup_stackheap                   0x0000032d   Thumb Code    74  sys_stackheap_outer.o(.text)
    SVC_Count                                0x00000378   Data           4  svc_table.o(SVC_TABLE)
    GLCD_Clear                               0x0000037d   Thumb Code    42  glcd_spi_lpc1700.o(i.GLCD_Clear)
    SVC_Table                                0x0000037c   Data           0  svc_table.o(SVC_TABLE)
    GLCD_DisplayChar                         0x000003a9   Thumb Code    84  glcd_spi_lpc1700.o(i.GLCD_DisplayChar)
    GLCD_DisplayString                       0x00000405   Thumb Code    40  glcd_spi_lpc1700.o(i.GLCD_DisplayString)
    GLCD_DrawChar                            0x0000042d   Thumb Code   150  glcd_spi_lpc1700.o(i.GLCD_DrawChar)
    __RL_RTX_VER                             0x00000482   Number         0  rt_system.o ABSOLUTE
    GLCD_Init                                0x000004c9   Thumb Code  1506  glcd_spi_lpc1700.o(i.GLCD_Init)
    GLCD_SetBackColor                        0x00000ab1   Thumb Code     6  glcd_spi_lpc1700.o(i.GLCD_SetBackColor)
    GLCD_SetTextColor                        0x00000abd   Thumb Code     6  glcd_spi_lpc1700.o(i.GLCD_SetTextColor)
    GLCD_SetWindow                           0x00000ac9   Thumb Code   168  glcd_spi_lpc1700.o(i.GLCD_SetWindow)
    GLCD_WindowMax                           0x00000b75   Thumb Code    18  glcd_spi_lpc1700.o(i.GLCD_WindowMax)
    GLCD_for_fullstepper                     0x00000b87   Thumb Code   294  main_stepper.o(i.GLCD_for_fullstepper)
    JOYSTICK_GetKeys                         0x00000cad   Thumb Code    58  joystick.o(i.JOYSTICK_GetKeys)
    SystemInit                               0x00000ced   Thumb Code   302  system_lpc17xx.o(i.SystemInit)
    _init_box                                0x00000e2d   Thumb Code    70  rt_membox.o(i._init_box)
    _mutex_acquire                           0x00000e75   Thumb Code    22  rtx_conf_cm.o(i._mutex_acquire)
    _mutex_release                           0x00000e95   Thumb Code    18  rtx_conf_cm.o(i._mutex_release)
    dbg_init                                 0x00000eb1   Thumb Code    34  hal_cm.o(i.dbg_init)
    dbg_task_notify                          0x00000ee1   Thumb Code    32  hal_cm.o(i.dbg_task_notify)
    dbg_task_switch                          0x00000f01   Thumb Code    16  hal_cm.o(i.dbg_task_switch)
    delay_dirty                              0x00000f21   Thumb Code    18  main_stepper.o(i.delay_dirty)
    isrMessageGet                            0x00000f39   Thumb Code    42  rt_cmsis.o(i.isrMessageGet)
    isrMessagePut                            0x00000f63   Thumb Code    44  rt_cmsis.o(i.isrMessagePut)
    isr_mbx_receive                          0x00000f91   Thumb Code    86  rt_mailbox.o(i.isr_mbx_receive)
    isr_mbx_send                             0x00000fe7   Thumb Code    14  rt_mailbox.o(i.isr_mbx_send)
    main                                     0x00000ff5   Thumb Code   344  main_stepper.o(i.main)
    osKernelInitialize                       0x000011ad   Thumb Code    30  rt_cmsis.o(i.osKernelInitialize)
    osKernelStart                            0x000011d1   Thumb Code    98  rt_cmsis.o(i.osKernelStart)
    osMessageGet                             0x0000123d   Thumb Code    18  rt_cmsis.o(i.osMessageGet)
    osThreadCreate                           0x00001255   Thumb Code    36  rt_cmsis.o(i.osThreadCreate)
    osThreadExit                             0x00001281   Thumb Code    14  rt_cmsis.o(i.osThreadExit)
    osTimerCall                              0x00001299   Thumb Code     8  rt_cmsis.o(i.osTimerCall)
    osTimerThread                            0x000012a5   Thumb Code    38  rt_cmsis.o(i.osTimerThread)
    os_error                                 0x000012d1   Thumb Code    34  rtx_conf_cm.o(i.os_error)
    os_idle_demon                            0x000012f3   Thumb Code     4  rtx_conf_cm.o(i.os_idle_demon)
    os_tick_init                             0x000012f9   Thumb Code    32  rt_system.o(i.os_tick_init)
    rt_alloc_box                             0x000013f5   Thumb Code    26  rt_membox.o(i.rt_alloc_box)
    rt_alloc_mem                             0x0000140f   Thumb Code    62  rt_memory.o(i.rt_alloc_mem)
    rt_block                                 0x0000144d   Thumb Code    48  rt_task.o(i.rt_block)
    rt_chk_robin                             0x00001485   Thumb Code    60  rt_robin.o(i.rt_chk_robin)
    rt_dec_dly                               0x000014cd   Thumb Code   102  rt_list.o(i.rt_dec_dly)
    rt_dispatch                              0x0000153d   Thumb Code    60  rt_task.o(i.rt_dispatch)
    rt_evt_psh                               0x00001581   Thumb Code    76  rt_event.o(i.rt_evt_psh)
    rt_free_box                              0x000015d1   Thumb Code    44  rt_membox.o(i.rt_free_box)
    rt_free_mem                              0x000015fd   Thumb Code    40  rt_memory.o(i.rt_free_mem)
    rt_get_first                             0x00001625   Thumb Code    40  rt_list.o(i.rt_get_first)
    rt_init_mem                              0x0000169d   Thumb Code    26  rt_memory.o(i.rt_init_mem)
    rt_init_robin                            0x000016b9   Thumb Code    14  rt_robin.o(i.rt_init_robin)
    rt_init_stack                            0x000016d1   Thumb Code   118  hal_cm.o(i.rt_init_stack)
    rt_mbx_check                             0x00001751   Thumb Code     8  rt_mailbox.o(i.rt_mbx_check)
    rt_mbx_init                              0x00001759   Thumb Code    26  rt_mailbox.o(i.rt_mbx_init)
    rt_mbx_psh                               0x00001775   Thumb Code   236  rt_mailbox.o(i.rt_mbx_psh)
    rt_mbx_wait                              0x00001865   Thumb Code   174  rt_mailbox.o(i.rt_mbx_wait)
    rt_mut_release                           0x0000195d   Thumb Code   208  rt_mutex.o(i.rt_mut_release)
    rt_mut_wait                              0x00001a35   Thumb Code   114  rt_mutex.o(i.rt_mut_wait)
    rt_pop_req                               0x00001aad   Thumb Code   112  rt_system.o(i.rt_pop_req)
    rt_psh_req                               0x00001b29   Thumb Code    22  rt_system.o(i.rt_psh_req)
    rt_psq_enq                               0x00001b49   Thumb Code    88  rt_list.o(i.rt_psq_enq)
    rt_put_dly                               0x00001ba5   Thumb Code    68  rt_list.o(i.rt_put_dly)
    rt_put_prio                              0x00001bed   Thumb Code    54  rt_list.o(i.rt_put_prio)
    rt_put_rdy_first                         0x00001c25   Thumb Code    14  rt_list.o(i.rt_put_rdy_first)
    rt_resort_prio                           0x00001c39   Thumb Code    46  rt_list.o(i.rt_resort_prio)
    rt_ret_val                               0x00001c6d   Thumb Code     6  hal_cm.o(i.rt_ret_val)
    rt_ret_val2                              0x00001c73   Thumb Code     8  hal_cm.o(i.rt_ret_val2)
    rt_rmv_dly                               0x00001c7b   Thumb Code    40  rt_list.o(i.rt_rmv_dly)
    rt_rmv_list                              0x00001ca5   Thumb Code    44  rt_list.o(i.rt_rmv_list)
    rt_sem_psh                               0x00001cd5   Thumb Code    48  rt_semaphore.o(i.rt_sem_psh)
    rt_stk_check                             0x00001d09   Thumb Code    28  rt_system.o(i.rt_stk_check)
    rt_switch_req                            0x00001d2d   Thumb Code    30  rt_task.o(i.rt_switch_req)
    rt_sys_init                              0x00001d55   Thumb Code   138  rt_task.o(i.rt_sys_init)
    rt_sys_start                             0x00001e21   Thumb Code   110  rt_task.o(i.rt_sys_start)
    rt_systick                               0x00001e99   Thumb Code    50  rt_system.o(i.rt_systick)
    rt_tsk_create                            0x00001f21   Thumb Code   118  rt_task.o(i.rt_tsk_create)
    rt_tsk_delete                            0x00001fa9   Thumb Code   352  rt_task.o(i.rt_tsk_delete)
    rt_tsk_prio                              0x00002125   Thumb Code   108  rt_task.o(i.rt_tsk_prio)
    rt_tsk_self                              0x000021a1   Thumb Code    12  rt_task.o(i.rt_tsk_self)
    set_outputs                              0x000021b1   Thumb Code   144  main_stepper.o(i.set_outputs)
    svcKernelInitialize                      0x000022e9   Thumb Code    80  rt_cmsis.o(i.svcKernelInitialize)
    svcKernelStart                           0x00002359   Thumb Code    62  rt_cmsis.o(i.svcKernelStart)
    svcMessageCreate                         0x000023a1   Thumb Code    36  rt_cmsis.o(i.svcMessageCreate)
    svcMessageGet                            0x000023c5   Thumb Code    58  rt_cmsis.o(i.svcMessageGet)
    svcThreadCreate                          0x00002401   Thumb Code    96  rt_cmsis.o(i.svcThreadCreate)
    svcThreadGetId                           0x0000246d   Thumb Code    22  rt_cmsis.o(i.svcThreadGetId)
    svcThreadTerminate                       0x00002489   Thumb Code    50  rt_cmsis.o(i.svcThreadTerminate)
    svcTimerCall                             0x000024c1   Thumb Code    24  rt_cmsis.o(i.svcTimerCall)
    sysTimerTick                             0x000024d9   Thumb Code    84  rt_cmsis.o(i.sysTimerTick)
    Font_6x8_h                               0x000025cc   Data         896  glcd_spi_lpc1700.o(.constdata)
    Font_16x24_h                             0x0000294c   Data        5376  glcd_spi_lpc1700.o(.constdata)
    os_maxtaskrun                            0x00003e4c   Data           2  rtx_conf_cm.o(.constdata)
    os_stackinfo                             0x00003e50   Data           4  rtx_conf_cm.o(.constdata)
    os_rrobin                                0x00003e54   Data           4  rtx_conf_cm.o(.constdata)
    os_tickfreq                              0x00003e58   Data           4  rtx_conf_cm.o(.constdata)
    os_tickus_i                              0x00003e5c   Data           2  rtx_conf_cm.o(.constdata)
    os_tickus_f                              0x00003e5e   Data           2  rtx_conf_cm.o(.constdata)
    os_trv                                   0x00003e60   Data           4  rtx_conf_cm.o(.constdata)
    os_flags                                 0x00003e64   Data           1  rtx_conf_cm.o(.constdata)
    CMSIS_RTOS_API_Version                   0x00003e68   Data           4  rtx_conf_cm.o(.constdata)
    CMSIS_RTOS_RTX_Version                   0x00003e6c   Data           4  rtx_conf_cm.o(.constdata)
    os_clockrate                             0x00003e70   Data           4  rtx_conf_cm.o(.constdata)
    os_timernum                              0x00003e74   Data           4  rtx_conf_cm.o(.constdata)
    mp_tcb_size                              0x00003e78   Data           2  rtx_conf_cm.o(.constdata)
    mp_stk_size                              0x00003e7c   Data           4  rtx_conf_cm.o(.constdata)
    os_stack_sz                              0x00003e80   Data           4  rtx_conf_cm.o(.constdata)
    os_fifo_size                             0x00003e84   Data           1  rtx_conf_cm.o(.constdata)
    os_thread_def_osTimerThread              0x00003e88   Data          16  rtx_conf_cm.o(.constdata)
    os_messageQ_def_osTimerMessageQ          0x00003e98   Data           8  rtx_conf_cm.o(.constdata)
    mp_tmr_size                              0x00003ea0   Data           2  rtx_conf_cm.o(.constdata)
    os_thread_def_main                       0x00003ea4   Data          16  rtx_conf_cm.o(.constdata)
    Region$$Table$$Base                      0x00003eb4   Number         0  anon$$obj.o(Region$$Table)
    Region$$Table$$Limit                     0x00003ed4   Number         0  anon$$obj.o(Region$$Table)
    lookup_table                             0x10000000   Data          16  main_stepper.o(.data)
    temp                                     0x10000010   Data           4  main_stepper.o(.data)
    osThreadId_osTimerThread                 0x1000001c   Data           4  rtx_conf_cm.o(.data)
    osMessageQId_osTimerMessageQ             0x10000020   Data           4  rtx_conf_cm.o(.data)
    os_tmr                                   0x10000024   Data           4  rtx_conf_cm.o(.data)
    m_tmr                                    0x10000028   Data           4  rtx_conf_cm.o(.data)
    os_initialized                           0x10000030   Data           1  rt_cmsis.o(.data)
    os_running                               0x10000031   Data           1  rt_cmsis.o(.data)
    os_timer_head                            0x10000034   Data           4  rt_cmsis.o(.data)
    os_tsk                                   0x10000038   Data           8  rt_task.o(.data)
    os_tick_irqn                             0x10000044   Data           4  rt_system.o(.data)
    os_time                                  0x10000048   Data           4  rt_time.o(.data)
    os_robin                                 0x1000004c   Data           8  rt_robin.o(.data)
    dbg_msg                                  0x10000054   Data           1  hal_cm.o(.data)
    mp_tcb                                   0x10000058   Data         376  rtx_conf_cm.o(.bss)
    mp_stk                                   0x100001d0   Data        1216  rtx_conf_cm.o(.bss)
    os_stack_mem                             0x10000690   Data         432  rtx_conf_cm.o(.bss)
    os_fifo                                  0x10000840   Data         132  rtx_conf_cm.o(.bss)
    os_active_TCB                            0x100008c4   Data          28  rtx_conf_cm.o(.bss)
    os_messageQ_q_osTimerMessageQ            0x100008e0   Data          32  rtx_conf_cm.o(.bss)
    os_idle_TCB                              0x10000c20   Data          52  rt_task.o(.bss)
    os_rdy                                   0x10000c54   Data          24  rt_list.o(.bss)
    os_dly                                   0x10000c6c   Data          24  rt_list.o(.bss)
    __libspace_start                         0x10000c84   Data          96  libspace.o(.bss)
    __temporary_stack_top$libspace           0x10000ce4   Data           0  libspace.o(.bss)



==============================================================================

Memory Map of the image

  Image Entry point : 0x000002bd

  Load Region LR_1 (Base: 0x00000000, Size: 0x00003f2c, Max: 0xffffffff, ABSOLUTE)

    Execution Region ER_RO (Exec base: 0x00000000, Load base: 0x00000000, Size: 0x00003ed4, Max: 0xffffffff, ABSOLUTE)

    Exec Addr    Load Addr    Size         Type   Attr      Idx    E Section Name        Object

    0x00000000   0x00000000   0x000000cc   Data   RO          360    RESET               startup_lpc17xx.o
    0x000000cc   0x000000cc   0x00000008   Code   RO         1626  * !!!main             c_w.l(__main.o)
    0x000000d4   0x000000d4   0x00000034   Code   RO         1789    !!!scatter          c_w.l(__scatter.o)
    0x00000108   0x00000108   0x0000001a   Code   RO         1791    !!handler_copy      c_w.l(__scatter_copy.o)
    0x00000122   0x00000122   0x00000002   PAD
    0x00000124   0x00000124   0x0000001c   Code   RO         1793    !!handler_zi        c_w.l(__scatter_zi.o)
    0x00000140   0x00000140   0x00000002   Code   RO         1673    .ARM.Collect$$libinit$$00000000  c_w.l(libinit.o)
    0x00000142   0x00000142   0x00000000   Code   RO         1685    .ARM.Collect$$libinit$$00000002  c_w.l(libinit2.o)
    0x00000142   0x00000142   0x00000000   Code   RO         1687    .ARM.Collect$$libinit$$00000004  c_w.l(libinit2.o)
    0x00000142   0x00000142   0x00000000   Code   RO         1690    .ARM.Collect$$libinit$$0000000A  c_w.l(libinit2.o)
    0x00000142   0x00000142   0x00000000   Code   RO         1692    .ARM.Collect$$libinit$$0000000C  c_w.l(libinit2.o)
    0x00000142   0x00000142   0x00000000   Code   RO         1694    .ARM.Collect$$libinit$$0000000E  c_w.l(libinit2.o)
    0x00000142   0x00000142   0x00000000   Code   RO         1697    .ARM.Collect$$libinit$$00000011  c_w.l(libinit2.o)
    0x00000142   0x00000142   0x00000000   Code   RO         1699    .ARM.Collect$$libinit$$00000013  c_w.l(libinit2.o)
    0x00000142   0x00000142   0x00000000   Code   RO         1701    .ARM.Collect$$libinit$$00000015  c_w.l(libinit2.o)
    0x00000142   0x00000142   0x00000000   Code   RO         1703    .ARM.Collect$$libinit$$00000017  c_w.l(libinit2.o)
    0x00000142   0x00000142   0x00000000   Code   RO         1705    .ARM.Collect$$libinit$$00000019  c_w.l(libinit2.o)
    0x00000142   0x00000142   0x00000000   Code   RO         1707    .ARM.Collect$$libinit$$0000001B  c_w.l(libinit2.o)
    0x00000142   0x00000142   0x00000000   Code   RO         1709    .ARM.Collect$$libinit$$0000001D  c_w.l(libinit2.o)
    0x00000142   0x00000142   0x00000000   Code   RO         1711    .ARM.Collect$$libinit$$0000001F  c_w.l(libinit2.o)
    0x00000142   0x00000142   0x00000000   Code   RO         1713    .ARM.Collect$$libinit$$00000021  c_w.l(libinit2.o)
    0x00000142   0x00000142   0x00000000   Code   RO         1715    .ARM.Collect$$libinit$$00000023  c_w.l(libinit2.o)
    0x00000142   0x00000142   0x00000000   Code   RO         1717    .ARM.Collect$$libinit$$00000025  c_w.l(libinit2.o)
    0x00000142   0x00000142   0x00000000   Code   RO         1721    .ARM.Collect$$libinit$$0000002C  c_w.l(libinit2.o)
    0x00000142   0x00000142   0x00000000   Code   RO         1723    .ARM.Collect$$libinit$$0000002E  c_w.l(libinit2.o)
    0x00000142   0x00000142   0x00000000   Code   RO         1725    .ARM.Collect$$libinit$$00000030  c_w.l(libinit2.o)
    0x00000142   0x00000142   0x00000000   Code   RO         1727    .ARM.Collect$$libinit$$00000032  c_w.l(libinit2.o)
    0x00000142   0x00000142   0x00000002   Code   RO         1728    .ARM.Collect$$libinit$$00000033  c_w.l(libinit2.o)
    0x00000144   0x00000144   0x00000002   Code   RO         1674    .ARM.Collect$$libshutdown$$00000000  c_w.l(libshutdown.o)
    0x00000146   0x00000146   0x00000000   Code   RO         1730    .ARM.Collect$$libshutdown$$00000002  c_w.l(libshutdown2.o)
    0x00000146   0x00000146   0x00000000   Code   RO         1732    .ARM.Collect$$libshutdown$$00000004  c_w.l(libshutdown2.o)
    0x00000146   0x00000146   0x00000000   Code   RO         1734    .ARM.Collect$$libshutdown$$00000006  c_w.l(libshutdown2.o)
    0x00000146   0x00000146   0x00000000   Code   RO         1737    .ARM.Collect$$libshutdown$$00000009  c_w.l(libshutdown2.o)
    0x00000146   0x00000146   0x00000000   Code   RO         1740    .ARM.Collect$$libshutdown$$0000000C  c_w.l(libshutdown2.o)
    0x00000146   0x00000146   0x00000000   Code   RO         1742    .ARM.Collect$$libshutdown$$0000000E  c_w.l(libshutdown2.o)
    0x00000146   0x00000146   0x00000000   Code   RO         1745    .ARM.Collect$$libshutdown$$00000011  c_w.l(libshutdown2.o)
    0x00000146   0x00000146   0x00000002   Code   RO         1746    .ARM.Collect$$libshutdown$$00000012  c_w.l(libshutdown2.o)
    0x00000148   0x00000148   0x00000000   Code   RO         1628    .ARM.Collect$$rtentry$$00000000  c_w.l(__rtentry.o)
    0x00000148   0x00000148   0x00000000   Code   RO         1636    .ARM.Collect$$rtentry$$00000002  c_w.l(__rtentry2.o)
    0x00000148   0x00000148   0x00000006   Code   RO         1648    .ARM.Collect$$rtentry$$00000004  c_w.l(__rtentry4.o)
    0x0000014e   0x0000014e   0x00000000   Code   RO         1638    .ARM.Collect$$rtentry$$00000009  c_w.l(__rtentry2.o)
    0x0000014e   0x0000014e   0x00000004   Code   RO         1639    .ARM.Collect$$rtentry$$0000000A  c_w.l(__rtentry2.o)
    0x00000152   0x00000152   0x00000008   Code   RO         1640    .ARM.Collect$$rtentry$$0000000B  c_w.l(__rtentry2.o)
    0x0000015a   0x0000015a   0x00000008   Code   RO         1642    .ARM.Collect$$rtentry$$0000000D  c_w.l(__rtentry2.o)
    0x00000162   0x00000162   0x00000002   Code   RO         1629    .ARM.Collect$$rtexit$$00000000  c_w.l(rtexit.o)
    0x00000164   0x00000164   0x00000000   Code   RO         1651    .ARM.Collect$$rtexit$$00000002  c_w.l(rtexit2.o)
    0x00000164   0x00000164   0x00000004   Code   RO         1652    .ARM.Collect$$rtexit$$00000003  c_w.l(rtexit2.o)
    0x00000168   0x00000168   0x00000006   Code   RO         1653    .ARM.Collect$$rtexit$$00000004  c_w.l(rtexit2.o)
    0x0000016e   0x0000016e   0x00000002   PAD
    0x00000170   0x00000170   0x0000001c   Code   RO          297    .emb_text           rtx_conf_cm.o
    0x0000018c   0x0000018c   0x00000130   Code   RO         1602    .emb_text           RTX_CM3.lib(hal_cm3.o)
    0x000002bc   0x000002bc   0x0000003c   Code   RO          362  * .text               startup_lpc17xx.o
    0x000002f8   0x000002f8   0x00000002   Code   RO         1675    .text               c_w.l(use_no_semi.o)
    0x000002fa   0x000002fa   0x00000000   Code   RO         1677    .text               c_w.l(indicate_semi.o)
    0x000002fa   0x000002fa   0x00000002   Code   RO         1149    i.os_tick_irqack    RTX_CM3.lib(rt_system.o)
    0x000002fc   0x000002fc   0x00000004   Code   RO          361    .ARM.__at_0x02FC    startup_lpc17xx.o
    0x00000300   0x00000300   0x00000008   Code   RO         1617    .text               c_w.l(libspace.o)
    0x00000308   0x00000308   0x00000012   Code   RO         1622    .text               c_w.l(exit.o)
    0x0000031a   0x0000031a   0x00000006   Code   RO         1624    .text               c_w.l(heapauxi.o)
    0x00000320   0x00000320   0x0000000c   Code   RO         1659    .text               c_w.l(sys_exit.o)
    0x0000032c   0x0000032c   0x0000004a   Code   RO         1661    .text               c_w.l(sys_stackheap_outer.o)
    0x00000376   0x00000376   0x00000002   PAD
    0x00000378   0x00000378   0x00000004   Code   RO         1612    SVC_TABLE           RTX_CM3.lib(svc_table.o)
    0x0000037c   0x0000037c   0x0000002a   Code   RO          116    i.GLCD_Clear        glcd_spi_lpc1700.o
    0x000003a6   0x000003a6   0x00000002   PAD
    0x000003a8   0x000003a8   0x0000005c   Code   RO          118    i.GLCD_DisplayChar  glcd_spi_lpc1700.o
    0x00000404   0x00000404   0x00000028   Code   RO          119    i.GLCD_DisplayString  glcd_spi_lpc1700.o
    0x0000042c   0x0000042c   0x0000009c   Code   RO          120    i.GLCD_DrawChar     glcd_spi_lpc1700.o
    0x000004c8   0x000004c8   0x000005e8   Code   RO          121    i.GLCD_Init         glcd_spi_lpc1700.o
    0x00000ab0   0x00000ab0   0x0000000c   Code   RO          124    i.GLCD_SetBackColor  glcd_spi_lpc1700.o
    0x00000abc   0x00000abc   0x0000000c   Code   RO          125    i.GLCD_SetTextColor  glcd_spi_lpc1700.o
    0x00000ac8   0x00000ac8   0x000000ac   Code   RO          126    i.GLCD_SetWindow    glcd_spi_lpc1700.o
    0x00000b74   0x00000b74   0x00000012   Code   RO          127    i.GLCD_WindowMax    glcd_spi_lpc1700.o
    0x00000b86   0x00000b86   0x00000126   Code   RO           66    i.GLCD_for_fullstepper  main_stepper.o
    0x00000cac   0x00000cac   0x00000040   Code   RO            4    i.JOYSTICK_GetKeys  joystick.o
    0x00000cec   0x00000cec   0x00000140   Code   RO          372    i.SystemInit        system_lpc17xx.o
    0x00000e2c   0x00000e2c   0x00000046   Code   RO         1501    i._init_box         RTX_CM3.lib(rt_membox.o)
    0x00000e72   0x00000e72   0x00000002   PAD
    0x00000e74   0x00000e74   0x00000020   Code   RO          299    i._mutex_acquire    rtx_conf_cm.o
    0x00000e94   0x00000e94   0x0000001c   Code   RO          301    i._mutex_release    rtx_conf_cm.o
    0x00000eb0   0x00000eb0   0x00000030   Code   RO         1554    i.dbg_init          RTX_CM3.lib(hal_cm.o)
    0x00000ee0   0x00000ee0   0x00000020   Code   RO         1555    i.dbg_task_notify   RTX_CM3.lib(hal_cm.o)
    0x00000f00   0x00000f00   0x00000010   Code   RO         1556    i.dbg_task_switch   RTX_CM3.lib(hal_cm.o)
    0x00000f10   0x00000f10   0x0000000e   Code   RO          130    i.delay             glcd_spi_lpc1700.o
    0x00000f1e   0x00000f1e   0x00000002   PAD
    0x00000f20   0x00000f20   0x00000018   Code   RO           67    i.delay_dirty       main_stepper.o
    0x00000f38   0x00000f38   0x0000002a   Code   RO          407    i.isrMessageGet     RTX_CM3.lib(rt_cmsis.o)
    0x00000f62   0x00000f62   0x0000002c   Code   RO          408    i.isrMessagePut     RTX_CM3.lib(rt_cmsis.o)
    0x00000f8e   0x00000f8e   0x00000002   PAD
    0x00000f90   0x00000f90   0x00000056   Code   RO         1356    i.isr_mbx_receive   RTX_CM3.lib(rt_mailbox.o)
    0x00000fe6   0x00000fe6   0x0000000e   Code   RO         1357    i.isr_mbx_send      RTX_CM3.lib(rt_mailbox.o)
    0x00000ff4   0x00000ff4   0x000001b8   Code   RO           68    i.main              main_stepper.o
    0x000011ac   0x000011ac   0x00000024   Code   RO          412    i.osKernelInitialize  RTX_CM3.lib(rt_cmsis.o)
    0x000011d0   0x000011d0   0x0000006c   Code   RO          414    i.osKernelStart     RTX_CM3.lib(rt_cmsis.o)
    0x0000123c   0x0000123c   0x00000018   Code   RO          423    i.osMessageGet      RTX_CM3.lib(rt_cmsis.o)
    0x00001254   0x00001254   0x0000002c   Code   RO          440    i.osThreadCreate    RTX_CM3.lib(rt_cmsis.o)
    0x00001280   0x00001280   0x00000018   Code   RO          441    i.osThreadExit      RTX_CM3.lib(rt_cmsis.o)
    0x00001298   0x00001298   0x0000000c   Code   RO          447    i.osTimerCall       RTX_CM3.lib(rt_cmsis.o)
    0x000012a4   0x000012a4   0x0000002c   Code   RO          452    i.osTimerThread     RTX_CM3.lib(rt_cmsis.o)
    0x000012d0   0x000012d0   0x00000022   Code   RO          302    i.os_error          rtx_conf_cm.o
    0x000012f2   0x000012f2   0x00000004   Code   RO          303    i.os_idle_demon     rtx_conf_cm.o
    0x000012f6   0x000012f6   0x00000002   PAD
    0x000012f8   0x000012f8   0x00000028   Code   RO         1148    i.os_tick_init      RTX_CM3.lib(rt_system.o)
    0x00001320   0x00001320   0x0000008c   Code   RO          131    i.rd_id_man         glcd_spi_lpc1700.o
    0x000013ac   0x000013ac   0x00000048   Code   RO          132    i.rd_reg            glcd_spi_lpc1700.o
    0x000013f4   0x000013f4   0x0000001a   Code   RO         1502    i.rt_alloc_box      RTX_CM3.lib(rt_membox.o)
    0x0000140e   0x0000140e   0x0000003e   Code   RO         1530    i.rt_alloc_mem      RTX_CM3.lib(rt_memory.o)
    0x0000144c   0x0000144c   0x00000038   Code   RO         1029    i.rt_block          RTX_CM3.lib(rt_task.o)
    0x00001484   0x00001484   0x00000048   Code   RO         1479    i.rt_chk_robin      RTX_CM3.lib(rt_robin.o)
    0x000014cc   0x000014cc   0x00000070   Code   RO         1280    i.rt_dec_dly        RTX_CM3.lib(rt_list.o)
    0x0000153c   0x0000153c   0x00000044   Code   RO         1030    i.rt_dispatch       RTX_CM3.lib(rt_task.o)
    0x00001580   0x00001580   0x00000050   Code   RO         1241    i.rt_evt_psh        RTX_CM3.lib(rt_event.o)
    0x000015d0   0x000015d0   0x0000002c   Code   RO         1503    i.rt_free_box       RTX_CM3.lib(rt_membox.o)
    0x000015fc   0x000015fc   0x00000028   Code   RO         1531    i.rt_free_mem       RTX_CM3.lib(rt_memory.o)
    0x00001624   0x00001624   0x00000028   Code   RO         1281    i.rt_get_first      RTX_CM3.lib(rt_list.o)
    0x0000164c   0x0000164c   0x00000008   Code   RO          457    i.rt_id2obj         RTX_CM3.lib(rt_cmsis.o)
    0x00001654   0x00001654   0x00000048   Code   RO         1031    i.rt_init_context   RTX_CM3.lib(rt_task.o)
    0x0000169c   0x0000169c   0x0000001a   Code   RO         1532    i.rt_init_mem       RTX_CM3.lib(rt_memory.o)
    0x000016b6   0x000016b6   0x00000002   PAD
    0x000016b8   0x000016b8   0x00000018   Code   RO         1480    i.rt_init_robin     RTX_CM3.lib(rt_robin.o)
    0x000016d0   0x000016d0   0x00000080   Code   RO         1557    i.rt_init_stack     RTX_CM3.lib(hal_cm.o)
    0x00001750   0x00001750   0x00000008   Code   RO         1358    i.rt_mbx_check      RTX_CM3.lib(rt_mailbox.o)
    0x00001758   0x00001758   0x0000001a   Code   RO         1359    i.rt_mbx_init       RTX_CM3.lib(rt_mailbox.o)
    0x00001772   0x00001772   0x00000002   PAD
    0x00001774   0x00001774   0x000000f0   Code   RO         1360    i.rt_mbx_psh        RTX_CM3.lib(rt_mailbox.o)
    0x00001864   0x00001864   0x000000b4   Code   RO         1362    i.rt_mbx_wait       RTX_CM3.lib(rt_mailbox.o)
    0x00001918   0x00001918   0x00000044   Code   RO          458    i.rt_ms2tick        RTX_CM3.lib(rt_cmsis.o)
    0x0000195c   0x0000195c   0x000000d8   Code   RO         1115    i.rt_mut_release    RTX_CM3.lib(rt_mutex.o)
    0x00001a34   0x00001a34   0x00000078   Code   RO         1116    i.rt_mut_wait       RTX_CM3.lib(rt_mutex.o)
    0x00001aac   0x00001aac   0x0000007c   Code   RO         1152    i.rt_pop_req        RTX_CM3.lib(rt_system.o)
    0x00001b28   0x00001b28   0x00000020   Code   RO         1153    i.rt_psh_req        RTX_CM3.lib(rt_system.o)
    0x00001b48   0x00001b48   0x0000005c   Code   RO         1283    i.rt_psq_enq        RTX_CM3.lib(rt_list.o)
    0x00001ba4   0x00001ba4   0x00000048   Code   RO         1284    i.rt_put_dly        RTX_CM3.lib(rt_list.o)
    0x00001bec   0x00001bec   0x00000036   Code   RO         1285    i.rt_put_prio       RTX_CM3.lib(rt_list.o)
    0x00001c22   0x00001c22   0x00000002   PAD
    0x00001c24   0x00001c24   0x00000014   Code   RO         1286    i.rt_put_rdy_first  RTX_CM3.lib(rt_list.o)
    0x00001c38   0x00001c38   0x00000034   Code   RO         1287    i.rt_resort_prio    RTX_CM3.lib(rt_list.o)
    0x00001c6c   0x00001c6c   0x00000006   Code   RO         1558    i.rt_ret_val        RTX_CM3.lib(hal_cm.o)
    0x00001c72   0x00001c72   0x00000008   Code   RO         1559    i.rt_ret_val2       RTX_CM3.lib(hal_cm.o)
    0x00001c7a   0x00001c7a   0x00000028   Code   RO         1288    i.rt_rmv_dly        RTX_CM3.lib(rt_list.o)
    0x00001ca2   0x00001ca2   0x00000002   PAD
    0x00001ca4   0x00001ca4   0x00000030   Code   RO         1289    i.rt_rmv_list       RTX_CM3.lib(rt_list.o)
    0x00001cd4   0x00001cd4   0x00000034   Code   RO         1407    i.rt_sem_psh        RTX_CM3.lib(rt_semaphore.o)
    0x00001d08   0x00001d08   0x00000024   Code   RO         1155    i.rt_stk_check      RTX_CM3.lib(rt_system.o)
    0x00001d2c   0x00001d2c   0x00000028   Code   RO         1032    i.rt_switch_req     RTX_CM3.lib(rt_task.o)
    0x00001d54   0x00001d54   0x000000cc   Code   RO         1033    i.rt_sys_init       RTX_CM3.lib(rt_task.o)
    0x00001e20   0x00001e20   0x00000078   Code   RO         1034    i.rt_sys_start      RTX_CM3.lib(rt_task.o)
    0x00001e98   0x00001e98   0x00000040   Code   RO         1157    i.rt_systick        RTX_CM3.lib(rt_system.o)
    0x00001ed8   0x00001ed8   0x00000012   Code   RO          459    i.rt_tid2ptcb       RTX_CM3.lib(rt_cmsis.o)
    0x00001eea   0x00001eea   0x00000002   PAD
    0x00001eec   0x00001eec   0x00000034   Code   RO          460    i.rt_timer_insert   RTX_CM3.lib(rt_cmsis.o)
    0x00001f20   0x00001f20   0x00000088   Code   RO         1035    i.rt_tsk_create     RTX_CM3.lib(rt_task.o)
    0x00001fa8   0x00001fa8   0x0000017c   Code   RO         1036    i.rt_tsk_delete     RTX_CM3.lib(rt_task.o)
    0x00002124   0x00002124   0x0000007c   Code   RO         1038    i.rt_tsk_prio       RTX_CM3.lib(rt_task.o)
    0x000021a0   0x000021a0   0x00000010   Code   RO         1039    i.rt_tsk_self       RTX_CM3.lib(rt_task.o)
    0x000021b0   0x000021b0   0x00000098   Code   RO           69    i.set_outputs       main_stepper.o
    0x00002248   0x00002248   0x00000020   Code   RO          133    i.spi_tran          glcd_spi_lpc1700.o
    0x00002268   0x00002268   0x00000080   Code   RO          134    i.spi_tran_man      glcd_spi_lpc1700.o
    0x000022e8   0x000022e8   0x00000070   Code   RO          463    i.svcKernelInitialize  RTX_CM3.lib(rt_cmsis.o)
    0x00002358   0x00002358   0x00000048   Code   RO          465    i.svcKernelStart    RTX_CM3.lib(rt_cmsis.o)
    0x000023a0   0x000023a0   0x00000024   Code   RO          468    i.svcMessageCreate  RTX_CM3.lib(rt_cmsis.o)
    0x000023c4   0x000023c4   0x0000003a   Code   RO          469    i.svcMessageGet     RTX_CM3.lib(rt_cmsis.o)
    0x000023fe   0x000023fe   0x00000002   PAD
    0x00002400   0x00002400   0x0000006c   Code   RO          483    i.svcThreadCreate   RTX_CM3.lib(rt_cmsis.o)
    0x0000246c   0x0000246c   0x0000001c   Code   RO          484    i.svcThreadGetId    RTX_CM3.lib(rt_cmsis.o)
    0x00002488   0x00002488   0x00000038   Code   RO          487    i.svcThreadTerminate  RTX_CM3.lib(rt_cmsis.o)
    0x000024c0   0x000024c0   0x00000018   Code   RO          489    i.svcTimerCall      RTX_CM3.lib(rt_cmsis.o)
    0x000024d8   0x000024d8   0x0000005c   Code   RO          498    i.sysTimerTick      RTX_CM3.lib(rt_cmsis.o)
    0x00002534   0x00002534   0x00000028   Code   RO          135    i.wr_cmd            glcd_spi_lpc1700.o
    0x0000255c   0x0000255c   0x00000028   Code   RO          136    i.wr_dat            glcd_spi_lpc1700.o
    0x00002584   0x00002584   0x00000012   Code   RO          137    i.wr_dat_only       glcd_spi_lpc1700.o
    0x00002596   0x00002596   0x00000002   PAD
    0x00002598   0x00002598   0x00000014   Code   RO          138    i.wr_dat_start      glcd_spi_lpc1700.o
    0x000025ac   0x000025ac   0x0000000c   Code   RO          139    i.wr_dat_stop       glcd_spi_lpc1700.o
    0x000025b8   0x000025b8   0x00000014   Code   RO          140    i.wr_reg            glcd_spi_lpc1700.o
    0x000025cc   0x000025cc   0x00001880   Data   RO          141    .constdata          glcd_spi_lpc1700.o
    0x00003e4c   0x00003e4c   0x00000068   Data   RO          305    .constdata          rtx_conf_cm.o
    0x00003eb4   0x00003eb4   0x00000020   Data   RO         1787    Region$$Table       anon$$obj.o


    Execution Region ER_RW (Exec base: 0x10000000, Load base: 0x00003ed4, Size: 0x00000058, Max: 0xffffffff, ABSOLUTE)

    Exec Addr    Load Addr    Size         Type   Attr      Idx    E Section Name        Object

    0x10000000   0x00003ed4   0x00000014   Data   RW           70    .data               main_stepper.o
    0x10000014   0x00003ee8   0x00000005   Data   RW          142    .data               glcd_spi_lpc1700.o
    0x10000019   0x00003eed   0x00000003   PAD
    0x1000001c   0x00003ef0   0x00000014   Data   RW          306    .data               rtx_conf_cm.o
    0x10000030   0x00003f04   0x00000008   Data   RW          501    .data               RTX_CM3.lib(rt_cmsis.o)
    0x10000038   0x00003f0c   0x00000008   Data   RW         1041    .data               RTX_CM3.lib(rt_task.o)
    0x10000040   0x00003f14   0x00000008   Data   RW         1160    .data               RTX_CM3.lib(rt_system.o)
    0x10000048   0x00003f1c   0x00000004   Data   RW         1450    .data               RTX_CM3.lib(rt_time.o)
    0x1000004c   0x00003f20   0x00000008   Data   RW         1481    .data               RTX_CM3.lib(rt_robin.o)
    0x10000054   0x00003f28   0x00000001   Data   RW         1560    .data               RTX_CM3.lib(hal_cm.o)


    Execution Region ER_ZI (Exec base: 0x10000058, Load base: 0x00003f2c, Size: 0x00000e90, Max: 0xffffffff, ABSOLUTE)

    Exec Addr    Load Addr    Size         Type   Attr      Idx    E Section Name        Object

    0x10000058        -       0x00000bc8   Zero   RW          304    .bss                rtx_conf_cm.o
    0x10000c20        -       0x00000034   Zero   RW         1040    .bss                RTX_CM3.lib(rt_task.o)
    0x10000c54        -       0x00000030   Zero   RW         1290    .bss                RTX_CM3.lib(rt_list.o)
    0x10000c84        -       0x00000060   Zero   RW         1618    .bss                c_w.l(libspace.o)
    0x10000ce4   0x00003f2c   0x00000004   PAD
    0x10000ce8        -       0x00000000   Zero   RW          359    HEAP                startup_lpc17xx.o
    0x10000ce8        -       0x00000200   Zero   RW          358    STACK               startup_lpc17xx.o


==============================================================================

Image component sizes


      Code (inc. data)   RO Data    RW Data    ZI Data      Debug   Object Name

      2592         94       6272          5          0      12961   glcd_spi_lpc1700.o
        64          6          0          0          0       5043   joystick.o
       910        110          0         20          0       2918   main_stepper.o
       126         26        104         20       3016       9119   rtx_conf_cm.o
        64         26        204          0        512        976   startup_lpc17xx.o
       320         18          0          0          0        561   system_lpc17xx.o

    ----------------------------------------------------------------------
      4084        280       6612         48       3528      31578   Object Totals
         0          0         32          0          0          0   (incl. Generated)
         8          0          0          3          0          0   (incl. Padding)

    ----------------------------------------------------------------------

      Code (inc. data)   RO Data    RW Data    ZI Data      Debug   Library Member Name

       238         24          0          1          0       3244   hal_cm.o
       304         36          0          0          0        756   hal_cm3.o
      1110        138          0          8          0      32233   rt_cmsis.o
        80          4          0          0          0        649   rt_event.o
       530         34          0          0         48       8157   rt_list.o
       554         10          0          0          0       3889   rt_mailbox.o
       140          0          0          0          0       1889   rt_membox.o
       128          0          0          0          0       2267   rt_memory.o
       336         14          0          0          0       1623   rt_mutex.o
        96         22          0          8          0       1134   rt_robin.o
        52          4          0          0          0        565   rt_semaphore.o
       298         52          0          8          0       6139   rt_system.o
      1216        174          0          8         52       9537   rt_task.o
         0          0          0          4          0        206   rt_time.o
         4          4          0          0          0        196   svc_table.o
         8          0          0          0          0         68   __main.o
         0          0          0          0          0          0   __rtentry.o
        20          0          0          0          0          0   __rtentry2.o
         6          0          0          0          0          0   __rtentry4.o
        52          8          0          0          0          0   __scatter.o
        26          0          0          0          0          0   __scatter_copy.o
        28          0          0          0          0          0   __scatter_zi.o
        18          0          0          0          0         80   exit.o
         6          0          0          0          0        152   heapauxi.o
         0          0          0          0          0          0   indicate_semi.o
         2          0          0          0          0          0   libinit.o
         2          0          0          0          0          0   libinit2.o
         2          0          0          0          0          0   libshutdown.o
         2          0          0          0          0          0   libshutdown2.o
         8          4          0          0         96         68   libspace.o
         2          0          0          0          0          0   rtexit.o
        10          0          0          0          0          0   rtexit2.o
        12          4          0          0          0         68   sys_exit.o
        74          0          0          0          0         80   sys_stackheap_outer.o
         2          0          0          0          0         68   use_no_semi.o

    ----------------------------------------------------------------------
      5388        532          0         40        200      73068   Library Totals
        22          0          0          3          4          0   (incl. Padding)

    ----------------------------------------------------------------------

      Code (inc. data)   RO Data    RW Data    ZI Data      Debug   Library Name

      5086        516          0         37        100      72484   RTX_CM3.lib
       280         16          0          0         96        584   c_w.l

    ----------------------------------------------------------------------
      5388        532          0         40        200      73068   Library Totals

    ----------------------------------------------------------------------

==============================================================================


      Code (inc. data)   RO Data    RW Data    ZI Data      Debug   

      9472        812       6612         88       3728      99598   Grand Totals
      9472        812       6612         88       3728      99598   ELF Image Totals
      9472        812       6612         88          0          0   ROM Totals

==============================================================================

    Total RO  Size (Code + RO Data)                16084 (  15.71kB)
    Total RW  Size (RW Data + ZI Data)              3816 (   3.73kB)
    Total ROM Size (Code + RO Data + RW Data)      16172 (  15.79kB)

==============================================================================

